stm32_adv_trace.c:798:16:TRACE_AllocateBufer	16	static,ignoring_inline_asm
stm32_adv_trace.c:872:13:TRACE_Lock	0	static,ignoring_inline_asm
stm32_adv_trace.c:883:13:TRACE_UnLock	0	static,ignoring_inline_asm
stm32_adv_trace.c:166:25:UTIL_ADV_TRACE_Init	8	static
stm32_adv_trace.c:182:25:UTIL_ADV_TRACE_DeInit	8	static
stm32_adv_trace.c:189:25:UTIL_ADV_TRACE_IoInit	8	static
stm32_adv_trace.c:195:25:UTIL_ADV_TRACE_IoDeInit	8	static
stm32_adv_trace.c:202:25:UTIL_ADV_TRACE_StartRxProcess	8	static
stm32_adv_trace.c:315:25:UTIL_ADV_TRACE_COND_ZCSend_Allocation	48	static
stm32_adv_trace.c:388:25:UTIL_ADV_TRACE_ZCSend_Allocation	40	static
stm32_adv_trace.c:571:6:UTIL_ADV_TRACE_RegisterTimeStampFunction	0	static
stm32_adv_trace.c:576:6:UTIL_ADV_TRACE_SetVerboseLevel	0	static
stm32_adv_trace.c:581:9:UTIL_ADV_TRACE_GetVerboseLevel	0	static
stm32_adv_trace.c:586:6:UTIL_ADV_TRACE_SetRegion	0	static
stm32_adv_trace.c:591:10:UTIL_ADV_TRACE_GetRegion	0	static
stm32_adv_trace.c:596:6:UTIL_ADV_TRACE_ResetRegion	0	static
stm32_adv_trace.c:602:13:UTIL_ADV_TRACE_PreSendHook	0	static
stm32_adv_trace.c:622:32:TRACE_Send	24	static,ignoring_inline_asm
stm32_adv_trace.c:209:25:UTIL_ADV_TRACE_COND_FSend	44	static
stm32_adv_trace.c:431:25:UTIL_ADV_TRACE_ZCSend_Finalize	8	static
stm32_adv_trace.c:382:25:UTIL_ADV_TRACE_COND_ZCSend_Finalize	8	static
stm32_adv_trace.c:438:25:UTIL_ADV_TRACE_COND_Send	56	static
stm32_adv_trace.c:512:25:UTIL_ADV_TRACE_Send	24	static
stm32_adv_trace.c:302:25:UTIL_ADV_TRACE_FSend	272	static
stm32_adv_trace.c:606:13:UTIL_ADV_TRACE_PostSendHook	0	static
stm32_adv_trace.c:706:13:TRACE_TxCpltCallback	24	static,ignoring_inline_asm
