muratasx126xmodule.c:73:6:SX126x_RADIO_IoInit	96	static
muratasx126xmodule.c:119:6:SX126x_RADIO_IoDeInit	48	static
muratasx126xmodule.c:129:6:SX126x_RADIO_IoIrqInit	16	static
muratasx126xmodule.c:143:6:SX126x_RADIO_IRQHandler	8	static
muratasx126xmodule.c:148:10:SX126x_RADIO_GetWakeUpTime	0	static
muratasx126xmodule.c:153:6:SX126x_RADIO_Reset	48	static
muratasx126xmodule.c:183:6:SX126x_RADIO_WaitOnBusy	8	static
muratasx126xmodule.c:203:6:SX126x_RADIO_ChipSelect	8	static
muratasx126xmodule.c:215:9:SX126x_RADIO_GetPaSelect	0	static
muratasx126xmodule.c:233:6:SX126x_RADIO_SetAntSw	8	static
muratasx126xmodule.c:249:6:SX126x_RADIO_CheckRfFrequency	0	static
muratasx126xmodule.c:255:6:SX126x_RADIO_BoardIsTcxo	0	static
muratasx126xmodule.c:261:6:SX126x_RADIO_BoardSetLedTx	0	static
muratasx126xmodule.c:275:6:SX126x_RADIO_BoardSetLedRx	0	static
muratasx126xmodule.c:290:6:SX126x_RADIO_Bus_Init	8	static
muratasx126xmodule.c:295:6:SX126x_RADIO_Bus_deInit	8	static
muratasx126xmodule.c:305:10:SX126x_RADIO_SendRecv	24	static
muratasx126xmodule.c:188:6:SX126x_RADIO_WakeUp	16	static
