radio.c:888:6:RadioCheckRfFrequency	0	static
radio.c:1219:6:RadioOnTxTimeoutIrq	8	static
radio.c:1227:6:RadioOnRxTimeoutIrq	8	static
radio.c:1079:6:RadioStandby	8	static
radio.c:558:14:RadioGetStatus	8	static
radio.c:596:6:RadioSetChannel	8	static
radio.c:1163:9:RadioRead	8	static
radio.c:1158:6:RadioWrite	8	static
radio.c:1047:6:RadioSend	16	static
radio.c:1069:6:RadioSleep	8	static
radio.c:1130:6:RadioSetRxDutyCycle	8	static
radio.c:1135:6:RadioStartCad	8	static
radio.c:1141:6:RadioSetTxContinuousWave	16	static
radio.c:1153:9:RadioRssi	8	static
radio.c:1168:6:RadioWriteBuffer	8	static
radio.c:1173:6:RadioReadBuffer	8	static
radio.c:1214:10:RadioGetWakeupTime	8	static
radio.c:537:10:RadioInit	24	static
radio.c:517:16:RadioGetFskBandwidthRegValue	8	static
radio.c:1016:10:RadioTimeOnAir	32	static
radio.c:1178:6:RadioSetMaxPayloadLength	8	static
radio.c:1084:6:RadioRx	16	static
radio.c:1107:6:RadioRxBoosted	16	static
radio.c:1242:6:RadioIrqProcess	32	static,ignoring_inline_asm
radio.c:1235:6:RadioOnDioIrq	8	static
radio.c:1195:6:RadioSetPublicNetwork	8	static
radio.c:573:6:RadioSetModem.part.0	8	static
radio.c:573:6:RadioSetModem	8	static
radio.c:654:6:RadioSetRxConfig	56	static
radio.c:782:6:RadioSetTxConfig	48	static
radio.c:601:6:RadioIsChannelFree	72	static
radio.c:635:10:RadioRandom	8	static
