sx126x.c:147:23:SX126xGetOperatingMode	0	static
sx126x.c:152:6:SX126xSetOperatingMode	0	static
sx126x.c:157:6:SX126xCheckDeviceReady	8	static
sx126x.c:542:20:SX126xGetPacketType	0	static
sx126x.c:831:6:SX126xWriteCommand	16	static
sx126x.c:280:6:SX126xSetSleep	16	static
sx126x.c:291:6:SX126xSetStandby	16	static
sx126x.c:304:6:SX126xSetFs	8	static
sx126x.c:310:6:SX126xSetTx	16	static
sx126x.c:324:6:SX126xSetRx	16	static
sx126x.c:352:6:SX126xSetRxDutyCycle	16	static
sx126x.c:366:6:SX126xSetCad	8	static
sx126x.c:372:6:SX126xSetTxContinuousWave	8	static
sx126x.c:378:6:SX126xSetTxInfinitePreamble	8	static
sx126x.c:384:6:SX126xSetStopRxTimerOnPreambleDetect	16	static
sx126x.c:410:6:SX126xSetRegulatorMode	16	static
sx126x.c:415:6:SX126xCalibrate	16	static
sx126x.c:428:6:SX126xCalibrateImage	16	static
sx126x.c:460:6:SX126xSetPaConfig	16	static
sx126x.c:471:6:SX126xSetRxTxFallbackMode	16	static
sx126x.c:476:6:SX126xSetDioIrqParams	16	static
sx126x.c:499:6:SX126xSetDio2AsRfSwitchCtrl	16	static
sx126x.c:504:6:SX126xSetDio3AsTcxoCtrl	16	static
sx126x.c:122:6:SX126xInit	16	static
sx126x.c:516:6:SX126xSetRfFrequency	24	static
sx126x.c:535:6:SX126xSetPacketType	16	static
sx126x.c:597:6:SX126xSetModulationParams	16	static
sx126x.c:701:6:SX126xSetCadParams	24	static
sx126x.c:716:6:SX126xSetBufferBaseAddress	16	static
sx126x.c:816:6:SX126xClearDeviceErrors	16	static
sx126x.c:822:6:SX126xClearIrqStatus	16	static
sx126x.c:855:9:SX126xReadCommand	16	static
sx126x.c:491:10:SX126xGetIrqStatus	16	static
sx126x.c:725:15:SX126xGetStatus	8	static
sx126x.c:736:8:SX126xGetRssiInst	16	static
sx126x.c:765:6:SX126xGetPacketStatus	24	static
sx126x.c:799:14:SX126xGetDeviceErrors	16	static
sx126x.c:877:6:SX126xWriteRegisters	16	static
sx126x.c:193:9:SX126xSetSyncWord	8	static
sx126x.c:199:6:SX126xSetCrcSeed	16	static
sx126x.c:217:6:SX126xSetCrcPolynomial	16	static
sx126x.c:642:6:SX126xSetPacketParams	32	static
sx126x.c:897:6:SX126xWriteRegister	16	static
sx126x.c:338:6:SX126xSetRxBoosted	16	static
sx126x.c:389:6:SX126xSetLoRaSymbNumTimeout	16	static
sx126x.c:902:6:SX126xReadRegisters	16	static
sx126x.c:921:9:SX126xReadRegister	16	static
sx126x.c:235:6:SX126xSetWhiteningSeed	8	static
sx126x.c:253:10:SX126xGetRandom	40	static
sx126x.c:552:6:SX126xSetTxParams	24	static
sx126x.c:547:6:SX126xSetRfTxPower	8	static
sx126x.c:746:6:SX126xGetRxBufferStatus	24	static
sx126x.c:928:6:SX126xWriteBuffer	16	static
sx126x.c:169:6:SX126xSetPayload	8	static
sx126x.c:187:6:SX126xSendPayload	8	static
sx126x.c:945:6:SX126xReadBuffer	16	static
sx126x.c:174:9:SX126xGetPayload	32	static
