RegionAU915.c:94:17:GetBandwidth	0	static
RegionAU915.c:143:20:GetTimeOnAir	32	static
RegionAU915.c:118:13:VerifyRfFreq	16	static
RegionAU915.c:151:12:RegionAU915GetPhyParam	16	static
RegionAU915.c:398:6:RegionAU915SetBandTxDone	16	static
RegionAU915.c:404:6:RegionAU915InitDefaults	40	static
RegionAU915.c:490:7:RegionAU915GetNvmCtx	0	static
RegionAU915.c:496:6:RegionAU915Verify	8	static
RegionAU915.c:542:6:RegionAU915ApplyCFList	20	static
RegionAU915.c:570:6:RegionAU915ChanMaskSet	8	static
RegionAU915.c:598:6:RegionAU915ComputeRxWindowParameters	40	static
RegionAU915.c:613:6:RegionAU915RxConfig	80	static
RegionAU915.c:656:6:RegionAU915TxConfig	88	static
RegionAU915.c:683:9:RegionAU915LinkAdrReq	120	static
RegionAU915.c:844:9:RegionAU915RxParamSetupReq	16	static
RegionAU915.c:874:9:RegionAU915NewChannelReq	0	static
RegionAU915.c:880:8:RegionAU915TxParamSetupReq	0	static
RegionAU915.c:886:9:RegionAU915DlChannelReq	0	static
RegionAU915.c:891:8:RegionAU915AlternateDr	0	static
RegionAU915.c:910:17:RegionAU915NextChannel	176	static
RegionAU915.c:966:17:RegionAU915ChannelAdd	0	static
RegionAU915.c:971:6:RegionAU915ChannelsRemove	0	static
RegionAU915.c:976:6:RegionAU915SetContinuousWave	24	static
RegionAU915.c:988:9:RegionAU915ApplyDrOffset	0	static
RegionAU915.c:1006:6:RegionAU915RxBeaconSetup	32	static
