Component: ARM Compiler 6.16 Tool: armlink [5dfeaa00]

==============================================================================

Section Cross References

    app_lorawan.o(.text.MX_LoRaWAN_Init) refers to sys_app.o(.text.SystemApp_Init) for SystemApp_Init
    app_lorawan.o(.ARM.exidx.text.MX_LoRaWAN_Init) refers to app_lorawan.o(.text.MX_LoRaWAN_Init) for [Anonymous Symbol]
    app_lorawan.o(.text.MX_LoRaWAN_Process) refers to stm32_seq.o(.text.UTIL_SEQ_Run) for UTIL_SEQ_Run
    app_lorawan.o(.ARM.exidx.text.MX_LoRaWAN_Process) refers to app_lorawan.o(.text.MX_LoRaWAN_Process) for [Anonymous Symbol]
    cayennelpp.o(.text.CayenneLppInit) refers to cayennelpp.o(.bss.CayenneLppCursor) for [Anonymous Symbol]
    cayennelpp.o(.ARM.exidx.text.CayenneLppInit) refers to cayennelpp.o(.text.CayenneLppInit) for [Anonymous Symbol]
    cayennelpp.o(.text.CayenneLppReset) refers to cayennelpp.o(.bss.CayenneLppCursor) for [Anonymous Symbol]
    cayennelpp.o(.ARM.exidx.text.CayenneLppReset) refers to cayennelpp.o(.text.CayenneLppReset) for [Anonymous Symbol]
    cayennelpp.o(.text.CayenneLppGetSize) refers to cayennelpp.o(.bss.CayenneLppCursor) for [Anonymous Symbol]
    cayennelpp.o(.ARM.exidx.text.CayenneLppGetSize) refers to cayennelpp.o(.text.CayenneLppGetSize) for [Anonymous Symbol]
    cayennelpp.o(.text.CayenneLppGetBuffer) refers to cayennelpp.o(.bss.CayenneLppBuffer) for [Anonymous Symbol]
    cayennelpp.o(.ARM.exidx.text.CayenneLppGetBuffer) refers to cayennelpp.o(.text.CayenneLppGetBuffer) for [Anonymous Symbol]
    cayennelpp.o(.text.CayenneLppCopy) refers to stm32_mem.o(.text.UTIL_MEM_cpy_8) for UTIL_MEM_cpy_8
    cayennelpp.o(.text.CayenneLppCopy) refers to cayennelpp.o(.bss.CayenneLppCursor) for [Anonymous Symbol]
    cayennelpp.o(.text.CayenneLppCopy) refers to cayennelpp.o(.bss.CayenneLppBuffer) for [Anonymous Symbol]
    cayennelpp.o(.ARM.exidx.text.CayenneLppCopy) refers to cayennelpp.o(.text.CayenneLppCopy) for [Anonymous Symbol]
    cayennelpp.o(.text.CayenneLppAddDigitalInput) refers to cayennelpp.o(.bss.CayenneLppCursor) for [Anonymous Symbol]
    cayennelpp.o(.text.CayenneLppAddDigitalInput) refers to cayennelpp.o(.bss.CayenneLppBuffer) for [Anonymous Symbol]
    cayennelpp.o(.ARM.exidx.text.CayenneLppAddDigitalInput) refers to cayennelpp.o(.text.CayenneLppAddDigitalInput) for [Anonymous Symbol]
    cayennelpp.o(.text.CayenneLppAddDigitalOutput) refers to cayennelpp.o(.bss.CayenneLppCursor) for [Anonymous Symbol]
    cayennelpp.o(.text.CayenneLppAddDigitalOutput) refers to cayennelpp.o(.bss.CayenneLppBuffer) for [Anonymous Symbol]
    cayennelpp.o(.ARM.exidx.text.CayenneLppAddDigitalOutput) refers to cayennelpp.o(.text.CayenneLppAddDigitalOutput) for [Anonymous Symbol]
    cayennelpp.o(.text.CayenneLppAddAnalogInput) refers to cayennelpp.o(.bss.CayenneLppCursor) for [Anonymous Symbol]
    cayennelpp.o(.text.CayenneLppAddAnalogInput) refers to cayennelpp.o(.bss.CayenneLppBuffer) for [Anonymous Symbol]
    cayennelpp.o(.ARM.exidx.text.CayenneLppAddAnalogInput) refers to cayennelpp.o(.text.CayenneLppAddAnalogInput) for [Anonymous Symbol]
    cayennelpp.o(.text.CayenneLppAddAnalogOutput) refers to cayennelpp.o(.bss.CayenneLppCursor) for [Anonymous Symbol]
    cayennelpp.o(.text.CayenneLppAddAnalogOutput) refers to cayennelpp.o(.bss.CayenneLppBuffer) for [Anonymous Symbol]
    cayennelpp.o(.ARM.exidx.text.CayenneLppAddAnalogOutput) refers to cayennelpp.o(.text.CayenneLppAddAnalogOutput) for [Anonymous Symbol]
    cayennelpp.o(.text.CayenneLppAddLuminosity) refers to cayennelpp.o(.bss.CayenneLppCursor) for [Anonymous Symbol]
    cayennelpp.o(.text.CayenneLppAddLuminosity) refers to cayennelpp.o(.bss.CayenneLppBuffer) for [Anonymous Symbol]
    cayennelpp.o(.ARM.exidx.text.CayenneLppAddLuminosity) refers to cayennelpp.o(.text.CayenneLppAddLuminosity) for [Anonymous Symbol]
    cayennelpp.o(.text.CayenneLppAddPresence) refers to cayennelpp.o(.bss.CayenneLppCursor) for [Anonymous Symbol]
    cayennelpp.o(.text.CayenneLppAddPresence) refers to cayennelpp.o(.bss.CayenneLppBuffer) for [Anonymous Symbol]
    cayennelpp.o(.ARM.exidx.text.CayenneLppAddPresence) refers to cayennelpp.o(.text.CayenneLppAddPresence) for [Anonymous Symbol]
    cayennelpp.o(.text.CayenneLppAddTemperature) refers to cayennelpp.o(.bss.CayenneLppCursor) for [Anonymous Symbol]
    cayennelpp.o(.text.CayenneLppAddTemperature) refers to cayennelpp.o(.bss.CayenneLppBuffer) for [Anonymous Symbol]
    cayennelpp.o(.ARM.exidx.text.CayenneLppAddTemperature) refers to cayennelpp.o(.text.CayenneLppAddTemperature) for [Anonymous Symbol]
    cayennelpp.o(.text.CayenneLppAddRelativeHumidity) refers to cayennelpp.o(.bss.CayenneLppCursor) for [Anonymous Symbol]
    cayennelpp.o(.text.CayenneLppAddRelativeHumidity) refers to cayennelpp.o(.bss.CayenneLppBuffer) for [Anonymous Symbol]
    cayennelpp.o(.ARM.exidx.text.CayenneLppAddRelativeHumidity) refers to cayennelpp.o(.text.CayenneLppAddRelativeHumidity) for [Anonymous Symbol]
[...]
    regionus915.o(.text.RegionUS915NextChannel) refers to regioncommon.o(.text.RegionCommonChanDisable) for RegionCommonChanDisable
    regionus915.o(.text.RegionUS915NextChannel) refers to regionus915.o(.bss.NvmCtx) for [Anonymous Symbol]
    regionus915.o(.ARM.exidx.text.RegionUS915NextChannel) refers to regionus915.o(.text.RegionUS915NextChannel) for [Anonymous Symbol]
    regionus915.o(.ARM.exidx.text.RegionUS915ChannelAdd) refers to regionus915.o(.text.RegionUS915ChannelAdd) for [Anonymous Symbol]
    regionus915.o(.ARM.exidx.text.RegionUS915ChannelsRemove) refers to regionus915.o(.text.RegionUS915ChannelsRemove) for [Anonymous Symbol]
    regionus915.o(.text.RegionUS915SetContinuousWave) refers to regionus915.o(.text.LimitTxPower) for LimitTxPower
    regionus915.o(.text.RegionUS915SetContinuousWave) refers to regioncommon.o(.text.RegionCommonComputeTxPower) for RegionCommonComputeTxPower
    regionus915.o(.text.RegionUS915SetContinuousWave) refers to regionus915.o(.bss.NvmCtx) for [Anonymous Symbol]
    regionus915.o(.text.RegionUS915SetContinuousWave) refers to radio.o(.rodata.Radio) for Radio
    regionus915.o(.ARM.exidx.text.RegionUS915SetContinuousWave) refers to regionus915.o(.text.RegionUS915SetContinuousWave) for [Anonymous Symbol]
    regionus915.o(.ARM.exidx.text.RegionUS915ApplyDrOffset) refers to regionus915.o(.text.RegionUS915ApplyDrOffset) for [Anonymous Symbol]
    regionus915.o(.text.RegionUS915RxBeaconSetup) refers to regioncommon.o(.text.RegionCommonRxBeaconSetup) for RegionCommonRxBeaconSetup
    regionus915.o(.text.RegionUS915RxBeaconSetup) refers to regionus915.o(.rodata.DataratesUS915) for [Anonymous Symbol]
    regionus915.o(.ARM.exidx.text.RegionUS915RxBeaconSetup) refers to regionus915.o(.text.RegionUS915RxBeaconSetup) for [Anonymous Symbol]
    utilities.o(.text.srand1) refers to utilities.o(.data.next) for [Anonymous Symbol]
    utilities.o(.ARM.exidx.text.srand1) refers to utilities.o(.text.srand1) for [Anonymous Symbol]
    utilities.o(.text.randr) refers to uidiv_div0.o(.text) for __aeabi_uidivmod
    utilities.o(.text.randr) refers to idiv_div0.o(.text) for __aeabi_idivmod
    utilities.o(.text.randr) refers to utilities.o(.data.next) for [Anonymous Symbol]
    utilities.o(.ARM.exidx.text.randr) refers to utilities.o(.text.randr) for [Anonymous Symbol]
    utilities.o(.ARM.exidx.text.memcpy1) refers to utilities.o(.text.memcpy1) for [Anonymous Symbol]
    utilities.o(.ARM.exidx.text.memcpyr) refers to utilities.o(.text.memcpyr) for [Anonymous Symbol]
    utilities.o(.ARM.exidx.text.memset1) refers to utilities.o(.text.memset1) for [Anonymous Symbol]
    utilities.o(.ARM.exidx.text.Nibble2HexChar) refers to utilities.o(.text.Nibble2HexChar) for [Anonymous Symbol]
    sx126x.o(.text.SX126xInit) refers to muratasx126xmodule.o(.text.SX126x_RADIO_Reset) for SX126x_RADIO_Reset
    sx126x.o(.text.SX126xInit) refers to muratasx126xmodule.o(.text.SX126x_RADIO_IoIrqInit) for SX126x_RADIO_IoIrqInit
    sx126x.o(.text.SX126xInit) refers to muratasx126xmodule.o(.text.SX126x_RADIO_WakeUp) for SX126x_RADIO_WakeUp
    sx126x.o(.text.SX126xInit) refers to sx126x.o(.text.SX126xSetStandby) for SX126xSetStandby
    sx126x.o(.text.SX126xInit) refers to muratasx126xmodule.o(.text.SX126x_RADIO_BoardIsTcxo) for SX126x_RADIO_BoardIsTcxo
    sx126x.o(.text.SX126xInit) refers to muratasx126xmodule.o(.text.SX126x_RADIO_GetWakeUpTime) for SX126x_RADIO_GetWakeUpTime
    sx126x.o(.text.SX126xInit) refers to sx126x.o(.text.SX126xSetDio3AsTcxoCtrl) for SX126xSetDio3AsTcxoCtrl
    sx126x.o(.text.SX126xInit) refers to sx126x.o(.text.SX126xCalibrate) for SX126xCalibrate
    sx126x.o(.text.SX126xInit) refers to sx126x.o(.text.SX126xSetDio2AsRfSwitchCtrl) for SX126xSetDio2AsRfSwitchCtrl
    sx126x.o(.text.SX126xInit) refers to sx126x.o(.bss.OperatingMode) for [Anonymous Symbol]
    sx126x.o(.ARM.exidx.text.SX126xInit) refers to sx126x.o(.text.SX126xInit) for [Anonymous Symbol]
    sx126x.o(.text.SX126xSetStandby) refers to sx126x.o(.text.SX126xWriteCommand) for SX126xWriteCommand
    sx126x.o(.text.SX126xSetStandby) refers to sx126x.o(.bss.OperatingMode) for [Anonymous Symbol]
    sx126x.o(.ARM.exidx.text.SX126xSetStandby) refers to sx126x.o(.text.SX126xSetStandby) for [Anonymous Symbol]
    sx126x.o(.text.SX126xSetDio3AsTcxoCtrl) refers to sx126x.o(.text.SX126xWriteCommand) for SX126xWriteCommand
    sx126x.o(.ARM.exidx.text.SX126xSetDio3AsTcxoCtrl) refers to sx126x.o(.text.SX126xSetDio3AsTcxoCtrl) for [Anonymous Symbol]
    sx126x.o(.text.SX126xCalibrate) refers to sx126x.o(.text.SX126xWriteCommand) for SX126xWriteCommand
    sx126x.o(.ARM.exidx.text.SX126xCalibrate) refers to sx126x.o(.text.SX126xCalibrate) for [Anonymous Symbol]
    sx126x.o(.text.SX126xSetDio2AsRfSwitchCtrl) refers to sx126x.o(.text.SX126xWriteCommand) for SX126xWriteCommand
    sx126x.o(.ARM.exidx.text.SX126xSetDio2AsRfSwitchCtrl) refers to sx126x.o(.text.SX126xSetDio2AsRfSwitchCtrl) for [Anonymous Symbol]
    sx126x.o(.text.SX126xSetOperatingMode) refers to sx126x.o(.bss.OperatingMode) for [Anonymous Symbol]
    sx126x.o(.ARM.exidx.text.SX126xSetOperatingMode) refers to sx126x.o(.text.SX126xSetOperatingMode) for [Anonymous Symbol]
    sx126x.o(.text.SX126xGetOperatingMode) refers to sx126x.o(.bss.OperatingMode) for [Anonymous Symbol]
    sx126x.o(.ARM.exidx.text.SX126xGetOperatingMode) refers to sx126x.o(.text.SX126xGetOperatingMode) for [Anonymous Symbol]
    sx126x.o(.text.SX126xCheckDeviceReady) refers to muratasx126xmodule.o(.text.SX126x_RADIO_WakeUp) for SX126x_RADIO_WakeUp
    sx126x.o(.text.SX126xCheckDeviceReady) refers to muratasx126xmodule.o(.text.SX126x_RADIO_WaitOnBusy) for SX126x_RADIO_WaitOnBusy
    sx126x.o(.text.SX126xCheckDeviceReady) refers to sx126x.o(.bss.OperatingMode) for [Anonymous Symbol]
    sx126x.o(.ARM.exidx.text.SX126xCheckDeviceReady) refers to sx126x.o(.text.SX126xCheckDeviceReady) for [Anonymous Symbol]
    sx126x.o(.text.SX126xSetPayload) refers to sx126x.o(.text.SX126xWriteBuffer) for SX126xWriteBuffer
    sx126x.o(.ARM.exidx.text.SX126xSetPayload) refers to sx126x.o(.text.SX126xSetPayload) for [Anonymous Symbol]
    sx126x.o(.text.SX126xWriteBuffer) refers to sx126x.o(.text.SX126xCheckDeviceReady) for SX126xCheckDeviceReady
    sx126x.o(.text.SX126xWriteBuffer) refers to muratasx126xmodule.o(.text.SX126x_RADIO_ChipSelect) for SX126x_RADIO_ChipSelect
    sx126x.o(.text.SX126xWriteBuffer) refers to muratasx126xmodule.o(.text.SX126x_RADIO_SendRecv) for SX126x_RADIO_SendRecv
    sx126x.o(.text.SX126xWriteBuffer) refers to muratasx126xmodule.o(.text.SX126x_RADIO_WaitOnBusy) for SX126x_RADIO_WaitOnBusy
    sx126x.o(.ARM.exidx.text.SX126xWriteBuffer) refers to sx126x.o(.text.SX126xWriteBuffer) for [Anonymous Symbol]
    sx126x.o(.text.SX126xGetPayload) refers to sx126x.o(.text.SX126xGetRxBufferStatus) for SX126xGetRxBufferStatus
    sx126x.o(.text.SX126xGetPayload) refers to sx126x.o(.text.SX126xReadBuffer) for SX126xReadBuffer
    sx126x.o(.ARM.exidx.text.SX126xGetPayload) refers to sx126x.o(.text.SX126xGetPayload) for [Anonymous Symbol]
    sx126x.o(.text.SX126xGetRxBufferStatus) refers to sx126x.o(.text.SX126xReadCommand) for SX126xReadCommand
    sx126x.o(.text.SX126xGetRxBufferStatus) refers to sx126x.o(.text.SX126xReadRegister) for SX126xReadRegister
    sx126x.o(.text.SX126xGetRxBufferStatus) refers to sx126x.o(.bss..L_MergedGlobals) for [Anonymous Symbol]
    sx126x.o(.ARM.exidx.text.SX126xGetRxBufferStatus) refers to sx126x.o(.text.SX126xGetRxBufferStatus) for [Anonymous Symbol]
    sx126x.o(.text.SX126xReadBuffer) refers to sx126x.o(.text.SX126xCheckDeviceReady) for SX126xCheckDeviceReady
    sx126x.o(.text.SX126xReadBuffer) refers to muratasx126xmodule.o(.text.SX126x_RADIO_ChipSelect) for SX126x_RADIO_ChipSelect
    sx126x.o(.text.SX126xReadBuffer) refers to muratasx126xmodule.o(.text.SX126x_RADIO_SendRecv) for SX126x_RADIO_SendRecv
    sx126x.o(.text.SX126xReadBuffer) refers to muratasx126xmodule.o(.text.SX126x_RADIO_WaitOnBusy) for SX126x_RADIO_WaitOnBusy
    sx126x.o(.ARM.exidx.text.SX126xReadBuffer) refers to sx126x.o(.text.SX126xReadBuffer) for [Anonymous Symbol]
    sx126x.o(.text.SX126xSendPayload) refers to sx126x.o(.text.SX126xSetPayload) for SX126xSetPayload
    sx126x.o(.text.SX126xSendPayload) refers to sx126x.o(.text.SX126xSetTx) for SX126xSetTx
    sx126x.o(.ARM.exidx.text.SX126xSendPayload) refers to sx126x.o(.text.SX126xSendPayload) for [Anonymous Symbol]
    sx126x.o(.text.SX126xSetTx) refers to sx126x.o(.text.SX126xWriteCommand) for SX126xWriteCommand
    sx126x.o(.text.SX126xSetTx) refers to muratasx126xmodule.o(.text.SX126x_RADIO_BoardSetLedTx) for SX126x_RADIO_BoardSetLedTx
    sx126x.o(.text.SX126xSetTx) refers to sx126x.o(.bss.OperatingMode) for [Anonymous Symbol]
    sx126x.o(.ARM.exidx.text.SX126xSetTx) refers to sx126x.o(.text.SX126xSetTx) for [Anonymous Symbol]
    sx126x.o(.text.SX126xSetSyncWord) refers to sx126x.o(.text.SX126xWriteRegisters) for SX126xWriteRegisters
    sx126x.o(.ARM.exidx.text.SX126xSetSyncWord) refers to sx126x.o(.text.SX126xSetSyncWord) for [Anonymous Symbol]
    sx126x.o(.text.SX126xWriteRegisters) refers to sx126x.o(.text.SX126xCheckDeviceReady) for SX126xCheckDeviceReady
    sx126x.o(.text.SX126xWriteRegisters) refers to muratasx126xmodule.o(.text.SX126x_RADIO_ChipSelect) for SX126x_RADIO_ChipSelect
    sx126x.o(.text.SX126xWriteRegisters) refers to muratasx126xmodule.o(.text.SX126x_RADIO_SendRecv) for SX126x_RADIO_SendRecv
    sx126x.o(.text.SX126xWriteRegisters) refers to muratasx126xmodule.o(.text.SX126x_RADIO_WaitOnBusy) for SX126x_RADIO_WaitOnBusy
    sx126x.o(.ARM.exidx.text.SX126xWriteRegisters) refers to sx126x.o(.text.SX126xWriteRegisters) for [Anonymous Symbol]
    sx126x.o(.text.SX126xSetCrcSeed) refers to sx126x.o(.text.SX126xWriteRegisters) for SX126xWriteRegisters
    sx126x.o(.text.SX126xSetCrcSeed) refers to sx126x.o(.bss..L_MergedGlobals) for [Anonymous Symbol]
    sx126x.o(.ARM.exidx.text.SX126xSetCrcSeed) refers to sx126x.o(.text.SX126xSetCrcSeed) for [Anonymous Symbol]
    sx126x.o(.text.SX126xGetPacketType) refers to sx126x.o(.bss..L_MergedGlobals) for [Anonymous Symbol]
    sx126x.o(.ARM.exidx.text.SX126xGetPacketType) refers to sx126x.o(.text.SX126xGetPacketType) for [Anonymous Symbol]
    sx126x.o(.text.SX126xSetCrcPolynomial) refers to sx126x.o(.text.SX126xWriteRegisters) for SX126xWriteRegisters
    sx126x.o(.text.SX126xSetCrcPolynomial) refers to sx126x.o(.bss..L_MergedGlobals) for [Anonymous Symbol]
    sx126x.o(.ARM.exidx.text.SX126xSetCrcPolynomial) refers to sx126x.o(.text.SX126xSetCrcPolynomial) for [Anonymous Symbol]
    sx126x.o(.text.SX126xSetWhiteningSeed) refers to sx126x.o(.text.SX126xReadRegister) for SX126xReadRegister
    sx126x.o(.text.SX126xSetWhiteningSeed) refers to sx126x.o(.text.SX126xWriteRegister) for SX126xWriteRegister
    sx126x.o(.text.SX126xSetWhiteningSeed) refers to sx126x.o(.bss..L_MergedGlobals) for [Anonymous Symbol]
    sx126x.o(.ARM.exidx.text.SX126xSetWhiteningSeed) refers to sx126x.o(.text.SX126xSetWhiteningSeed) for [Anonymous Symbol]
    sx126x.o(.text.SX126xReadRegister) refers to sx126x.o(.text.SX126xReadRegisters) for SX126xReadRegisters
    sx126x.o(.ARM.exidx.text.SX126xReadRegister) refers to sx126x.o(.text.SX126xReadRegister) for [Anonymous Symbol]
    sx126x.o(.text.SX126xWriteRegister) refers to sx126x.o(.text.SX126xWriteRegisters) for SX126xWriteRegisters
    sx126x.o(.ARM.exidx.text.SX126xWriteRegister) refers to sx126x.o(.text.SX126xWriteRegister) for [Anonymous Symbol]
    sx126x.o(.text.SX126xGetRandom) refers to sx126x.o(.text.SX126xReadRegister) for SX126xReadRegister
    sx126x.o(.text.SX126xGetRandom) refers to sx126x.o(.text.SX126xSetRx) for SX126xSetRx
    sx126x.o(.text.SX126xGetRandom) refers to sx126x.o(.text.SX126xReadRegisters) for SX126xReadRegisters
    sx126x.o(.text.SX126xGetRandom) refers to sx126x.o(.text.SX126xSetStandby) for SX126xSetStandby
    sx126x.o(.text.SX126xGetRandom) refers to muratasx126xmodule.o(.text.SX126x_RADIO_BoardSetLedRx) for SX126x_RADIO_BoardSetLedRx
    sx126x.o(.text.SX126xGetRandom) refers to sx126x.o(.text.SX126xWriteRegister) for SX126xWriteRegister
    sx126x.o(.ARM.exidx.text.SX126xGetRandom) refers to sx126x.o(.text.SX126xGetRandom) for [Anonymous Symbol]
    sx126x.o(.text.SX126xSetRx) refers to sx126x.o(.text.SX126xWriteCommand) for SX126xWriteCommand
    sx126x.o(.text.SX126xSetRx) refers to muratasx126xmodule.o(.text.SX126x_RADIO_BoardSetLedRx) for SX126x_RADIO_BoardSetLedRx
    sx126x.o(.text.SX126xSetRx) refers to sx126x.o(.bss.OperatingMode) for [Anonymous Symbol]
    sx126x.o(.ARM.exidx.text.SX126xSetRx) refers to sx126x.o(.text.SX126xSetRx) for [Anonymous Symbol]
    sx126x.o(.text.SX126xReadRegisters) refers to sx126x.o(.text.SX126xCheckDeviceReady) for SX126xCheckDeviceReady
    sx126x.o(.text.SX126xReadRegisters) refers to muratasx126xmodule.o(.text.SX126x_RADIO_ChipSelect) for SX126x_RADIO_ChipSelect
    sx126x.o(.text.SX126xReadRegisters) refers to muratasx126xmodule.o(.text.SX126x_RADIO_SendRecv) for SX126x_RADIO_SendRecv
    sx126x.o(.text.SX126xReadRegisters) refers to muratasx126xmodule.o(.text.SX126x_RADIO_WaitOnBusy) for SX126x_RADIO_WaitOnBusy
    sx126x.o(.ARM.exidx.text.SX126xReadRegisters) refers to sx126x.o(.text.SX126xReadRegisters) for [Anonymous Symbol]
    sx126x.o(.text.SX126xSetSleep) refers to muratasx126xmodule.o(.text.SX126x_RADIO_SetAntSw) for SX126x_RADIO_SetAntSw
    sx126x.o(.text.SX126xSetSleep) refers to sx126x.o(.text.SX126xWriteCommand) for SX126xWriteCommand
    sx126x.o(.text.SX126xSetSleep) refers to sx126x.o(.bss.OperatingMode) for [Anonymous Symbol]
    sx126x.o(.ARM.exidx.text.SX126xSetSleep) refers to sx126x.o(.text.SX126xSetSleep) for [Anonymous Symbol]
    sx126x.o(.text.SX126xWriteCommand) refers to sx126x.o(.text.SX126xCheckDeviceReady) for SX126xCheckDeviceReady
    sx126x.o(.text.SX126xWriteCommand) refers to muratasx126xmodule.o(.text.SX126x_RADIO_SetAntSw) for SX126x_RADIO_SetAntSw
    sx126x.o(.text.SX126xWriteCommand) refers to muratasx126xmodule.o(.text.SX126x_RADIO_ChipSelect) for SX126x_RADIO_ChipSelect
    sx126x.o(.text.SX126xWriteCommand) refers to muratasx126xmodule.o(.text.SX126x_RADIO_SendRecv) for SX126x_RADIO_SendRecv
    sx126x.o(.text.SX126xWriteCommand) refers to muratasx126xmodule.o(.text.SX126x_RADIO_WaitOnBusy) for SX126x_RADIO_WaitOnBusy
    sx126x.o(.ARM.exidx.text.SX126xWriteCommand) refers to sx126x.o(.text.SX126xWriteCommand) for [Anonymous Symbol]
    sx126x.o(.text.SX126xSetFs) refers to sx126x.o(.text.SX126xWriteCommand) for SX126xWriteCommand
    sx126x.o(.text.SX126xSetFs) refers to sx126x.o(.bss.OperatingMode) for [Anonymous Symbol]
    sx126x.o(.ARM.exidx.text.SX126xSetFs) refers to sx126x.o(.text.SX126xSetFs) for [Anonymous Symbol]
    sx126x.o(.text.SX126xSetRxBoosted) refers to sx126x.o(.text.SX126xWriteRegister) for SX126xWriteRegister
    sx126x.o(.text.SX126xSetRxBoosted) refers to sx126x.o(.text.SX126xWriteCommand) for SX126xWriteCommand
    sx126x.o(.text.SX126xSetRxBoosted) refers to sx126x.o(.bss.OperatingMode) for [Anonymous Symbol]
    sx126x.o(.ARM.exidx.text.SX126xSetRxBoosted) refers to sx126x.o(.text.SX126xSetRxBoosted) for [Anonymous Symbol]
    sx126x.o(.text.SX126xSetRxDutyCycle) refers to sx126x.o(.text.SX126xWriteCommand) for SX126xWriteCommand
    sx126x.o(.text.SX126xSetRxDutyCycle) refers to sx126x.o(.bss.OperatingMode) for [Anonymous Symbol]
    sx126x.o(.ARM.exidx.text.SX126xSetRxDutyCycle) refers to sx126x.o(.text.SX126xSetRxDutyCycle) for [Anonymous Symbol]
    sx126x.o(.text.SX126xSetCad) refers to sx126x.o(.text.SX126xWriteCommand) for SX126xWriteCommand
    sx126x.o(.text.SX126xSetCad) refers to sx126x.o(.bss.OperatingMode) for [Anonymous Symbol]
    sx126x.o(.ARM.exidx.text.SX126xSetCad) refers to sx126x.o(.text.SX126xSetCad) for [Anonymous Symbol]
    sx126x.o(.text.SX126xSetTxContinuousWave) refers to sx126x.o(.text.SX126xWriteCommand) for SX126xWriteCommand
    sx126x.o(.text.SX126xSetTxContinuousWave) refers to sx126x.o(.bss.OperatingMode) for [Anonymous Symbol]
    sx126x.o(.ARM.exidx.text.SX126xSetTxContinuousWave) refers to sx126x.o(.text.SX126xSetTxContinuousWave) for [Anonymous Symbol]
    sx126x.o(.text.SX126xSetTxInfinitePreamble) refers to sx126x.o(.text.SX126xWriteCommand) for SX126xWriteCommand
    sx126x.o(.text.SX126xSetTxInfinitePreamble) refers to sx126x.o(.bss.OperatingMode) for [Anonymous Symbol]
    sx126x.o(.ARM.exidx.text.SX126xSetTxInfinitePreamble) refers to sx126x.o(.text.SX126xSetTxInfinitePreamble) for [Anonymous Symbol]
    sx126x.o(.text.SX126xSetStopRxTimerOnPreambleDetect) refers to sx126x.o(.text.SX126xWriteCommand) for SX126xWriteCommand
    sx126x.o(.ARM.exidx.text.SX126xSetStopRxTimerOnPreambleDetect) refers to sx126x.o(.text.SX126xSetStopRxTimerOnPreambleDetect) for [Anonymous Symbol]
    sx126x.o(.text.SX126xSetLoRaSymbNumTimeout) refers to sx126x.o(.text.SX126xWriteCommand) for SX126xWriteCommand
    sx126x.o(.text.SX126xSetLoRaSymbNumTimeout) refers to sx126x.o(.text.SX126xWriteRegister) for SX126xWriteRegister
    sx126x.o(.ARM.exidx.text.SX126xSetLoRaSymbNumTimeout) refers to sx126x.o(.text.SX126xSetLoRaSymbNumTimeout) for [Anonymous Symbol]
    sx126x.o(.text.SX126xSetRegulatorMode) refers to sx126x.o(.text.SX126xWriteCommand) for SX126xWriteCommand
    sx126x.o(.ARM.exidx.text.SX126xSetRegulatorMode) refers to sx126x.o(.text.SX126xSetRegulatorMode) for [Anonymous Symbol]
    sx126x.o(.text.SX126xCalibrateImage) refers to sx126x.o(.text.SX126xWriteCommand) for SX126xWriteCommand
    sx126x.o(.ARM.exidx.text.SX126xCalibrateImage) refers to sx126x.o(.text.SX126xCalibrateImage) for [Anonymous Symbol]
    sx126x.o(.text.SX126xSetPaConfig) refers to sx126x.o(.text.SX126xWriteCommand) for SX126xWriteCommand
    sx126x.o(.ARM.exidx.text.SX126xSetPaConfig) refers to sx126x.o(.text.SX126xSetPaConfig) for [Anonymous Symbol]
    sx126x.o(.text.SX126xSetRxTxFallbackMode) refers to sx126x.o(.text.SX126xWriteCommand) for SX126xWriteCommand
    sx126x.o(.ARM.exidx.text.SX126xSetRxTxFallbackMode) refers to sx126x.o(.text.SX126xSetRxTxFallbackMode) for [Anonymous Symbol]
    sx126x.o(.text.SX126xSetDioIrqParams) refers to sx126x.o(.text.SX126xWriteCommand) for SX126xWriteCommand
    sx126x.o(.ARM.exidx.text.SX126xSetDioIrqParams) refers to sx126x.o(.text.SX126xSetDioIrqParams) for [Anonymous Symbol]
    sx126x.o(.text.SX126xGetIrqStatus) refers to sx126x.o(.text.SX126xReadCommand) for SX126xReadCommand
    sx126x.o(.ARM.exidx.text.SX126xGetIrqStatus) refers to sx126x.o(.text.SX126xGetIrqStatus) for [Anonymous Symbol]
    sx126x.o(.text.SX126xReadCommand) refers to sx126x.o(.text.SX126xCheckDeviceReady) for SX126xCheckDeviceReady
    sx126x.o(.text.SX126xReadCommand) refers to muratasx126xmodule.o(.text.SX126x_RADIO_ChipSelect) for SX126x_RADIO_ChipSelect
    sx126x.o(.text.SX126xReadCommand) refers to muratasx126xmodule.o(.text.SX126x_RADIO_SendRecv) for SX126x_RADIO_SendRecv
    sx126x.o(.text.SX126xReadCommand) refers to muratasx126xmodule.o(.text.SX126x_RADIO_WaitOnBusy) for SX126x_RADIO_WaitOnBusy
    sx126x.o(.ARM.exidx.text.SX126xReadCommand) refers to sx126x.o(.text.SX126xReadCommand) for [Anonymous Symbol]
    sx126x.o(.text.SX126xSetRfFrequency) refers to sx126x.o(.text.SX126xCalibrateImage) for SX126xCalibrateImage
    sx126x.o(.text.SX126xSetRfFrequency) refers to dfltui.o(.text) for __aeabi_ui2d
    sx126x.o(.text.SX126xSetRfFrequency) refers to ddiv.o(.text) for __aeabi_ddiv
    sx126x.o(.text.SX126xSetRfFrequency) refers to dfixui.o(.text) for __aeabi_d2uiz
    sx126x.o(.text.SX126xSetRfFrequency) refers to sx126x.o(.text.SX126xWriteCommand) for SX126xWriteCommand
    sx126x.o(.text.SX126xSetRfFrequency) refers to sx126x.o(.bss.ImageCalibrated) for [Anonymous Symbol]
    sx126x.o(.ARM.exidx.text.SX126xSetRfFrequency) refers to sx126x.o(.text.SX126xSetRfFrequency) for [Anonymous Symbol]
    sx126x.o(.text.SX126xSetPacketType) refers to sx126x.o(.text.SX126xWriteCommand) for SX126xWriteCommand
    sx126x.o(.text.SX126xSetPacketType) refers to sx126x.o(.bss..L_MergedGlobals) for [Anonymous Symbol]
    sx126x.o(.ARM.exidx.text.SX126xSetPacketType) refers to sx126x.o(.text.SX126xSetPacketType) for [Anonymous Symbol]
    sx126x.o(.text.SX126xSetRfTxPower) refers to sx126x.o(.text.SX126xSetTxParams) for SX126xSetTxParams
    sx126x.o(.ARM.exidx.text.SX126xSetRfTxPower) refers to sx126x.o(.text.SX126xSetRfTxPower) for [Anonymous Symbol]
    sx126x.o(.text.SX126xSetTxParams) refers to muratasx126xmodule.o(.text.SX126x_RADIO_GetPaSelect) for SX126x_RADIO_GetPaSelect
    sx126x.o(.text.SX126xSetTxParams) refers to sx126x.o(.text.SX126xSetPaConfig) for SX126xSetPaConfig
    sx126x.o(.text.SX126xSetTxParams) refers to sx126x.o(.text.SX126xReadRegister) for SX126xReadRegister
    sx126x.o(.text.SX126xSetTxParams) refers to sx126x.o(.text.SX126xWriteRegister) for SX126xWriteRegister
    sx126x.o(.text.SX126xSetTxParams) refers to sx126x.o(.text.SX126xWriteCommand) for SX126xWriteCommand
    sx126x.o(.ARM.exidx.text.SX126xSetTxParams) refers to sx126x.o(.text.SX126xSetTxParams) for [Anonymous Symbol]
    sx126x.o(.text.SX126xSetModulationParams) refers to sx126x.o(.text.SX126xSetPacketType) for SX126xSetPacketType
    sx126x.o(.text.SX126xSetModulationParams) refers to dfltui.o(.text) for __aeabi_ui2d
    sx126x.o(.text.SX126xSetModulationParams) refers to ddiv.o(.text) for __aeabi_ddiv
    sx126x.o(.text.SX126xSetModulationParams) refers to dmul.o(.text) for __aeabi_dmul
    sx126x.o(.text.SX126xSetModulationParams) refers to dfixui.o(.text) for __aeabi_d2uiz
    sx126x.o(.text.SX126xSetModulationParams) refers to sx126x.o(.text.SX126xWriteCommand) for SX126xWriteCommand
    sx126x.o(.text.SX126xSetModulationParams) refers to sx126x.o(.bss..L_MergedGlobals) for [Anonymous Symbol]
    sx126x.o(.ARM.exidx.text.SX126xSetModulationParams) refers to sx126x.o(.text.SX126xSetModulationParams) for [Anonymous Symbol]
    sx126x.o(.text.SX126xSetPacketParams) refers to sx126x.o(.text.SX126xSetPacketType) for SX126xSetPacketType
    sx126x.o(.text.SX126xSetPacketParams) refers to sx126x.o(.text.SX126xSetCrcSeed) for SX126xSetCrcSeed
    sx126x.o(.text.SX126xSetPacketParams) refers to sx126x.o(.text.SX126xSetCrcPolynomial) for SX126xSetCrcPolynomial
    sx126x.o(.text.SX126xSetPacketParams) refers to sx126x.o(.text.SX126xWriteCommand) for SX126xWriteCommand
    sx126x.o(.text.SX126xSetPacketParams) refers to sx126x.o(.bss..L_MergedGlobals) for [Anonymous Symbol]
    sx126x.o(.ARM.exidx.text.SX126xSetPacketParams) refers to sx126x.o(.text.SX126xSetPacketParams) for [Anonymous Symbol]
    sx126x.o(.text.SX126xSetCadParams) refers to sx126x.o(.text.SX126xWriteCommand) for SX126xWriteCommand
    sx126x.o(.text.SX126xSetCadParams) refers to sx126x.o(.bss.OperatingMode) for [Anonymous Symbol]
    sx126x.o(.ARM.exidx.text.SX126xSetCadParams) refers to sx126x.o(.text.SX126xSetCadParams) for [Anonymous Symbol]
    sx126x.o(.text.SX126xSetBufferBaseAddress) refers to sx126x.o(.text.SX126xWriteCommand) for SX126xWriteCommand
    sx126x.o(.ARM.exidx.text.SX126xSetBufferBaseAddress) refers to sx126x.o(.text.SX126xSetBufferBaseAddress) for [Anonymous Symbol]
    sx126x.o(.text.SX126xGetStatus) refers to sx126x.o(.text.SX126xReadCommand) for SX126xReadCommand
    sx126x.o(.ARM.exidx.text.SX126xGetStatus) refers to sx126x.o(.text.SX126xGetStatus) for [Anonymous Symbol]
    sx126x.o(.text.SX126xGetRssiInst) refers to sx126x.o(.text.SX126xReadCommand) for SX126xReadCommand
    sx126x.o(.ARM.exidx.text.SX126xGetRssiInst) refers to sx126x.o(.text.SX126xGetRssiInst) for [Anonymous Symbol]
    sx126x.o(.text.SX126xGetPacketStatus) refers to sx126x.o(.text.SX126xReadCommand) for SX126xReadCommand
    sx126x.o(.text.SX126xGetPacketStatus) refers to memseta.o(.text) for __aeabi_memclr4
    sx126x.o(.text.SX126xGetPacketStatus) refers to sx126x.o(.bss..L_MergedGlobals) for [Anonymous Symbol]
    sx126x.o(.ARM.exidx.text.SX126xGetPacketStatus) refers to sx126x.o(.text.SX126xGetPacketStatus) for [Anonymous Symbol]
    sx126x.o(.text.SX126xGetDeviceErrors) refers to sx126x.o(.text.SX126xReadCommand) for SX126xReadCommand
    sx126x.o(.ARM.exidx.text.SX126xGetDeviceErrors) refers to sx126x.o(.text.SX126xGetDeviceErrors) for [Anonymous Symbol]
    sx126x.o(.text.SX126xClearDeviceErrors) refers to sx126x.o(.text.SX126xWriteCommand) for SX126xWriteCommand
    sx126x.o(.ARM.exidx.text.SX126xClearDeviceErrors) refers to sx126x.o(.text.SX126xClearDeviceErrors) for [Anonymous Symbol]
    sx126x.o(.text.SX126xClearIrqStatus) refers to sx126x.o(.text.SX126xWriteCommand) for SX126xWriteCommand
    sx126x.o(.ARM.exidx.text.SX126xClearIrqStatus) refers to sx126x.o(.text.SX126xClearIrqStatus) for [Anonymous Symbol]
    radio.o(.text.RadioInit) refers to sx126x.o(.text.SX126xInit) for SX126xInit
    radio.o(.text.RadioInit) refers to sx126x.o(.text.SX126xSetStandby) for SX126xSetStandby
    radio.o(.text.RadioInit) refers to sx126x.o(.text.SX126xSetRegulatorMode) for SX126xSetRegulatorMode
    radio.o(.text.RadioInit) refers to sx126x.o(.text.SX126xSetBufferBaseAddress) for SX126xSetBufferBaseAddress
    radio.o(.text.RadioInit) refers to sx126x.o(.text.SX126xSetTxParams) for SX126xSetTxParams
    radio.o(.text.RadioInit) refers to sx126x.o(.text.SX126xSetDioIrqParams) for SX126xSetDioIrqParams
    radio.o(.text.RadioInit) refers to stm32_timer.o(.text.UTIL_TIMER_Create) for UTIL_TIMER_Create
    radio.o(.text.RadioInit) refers to radio.o(.text.RadioGetWakeupTime) for RadioGetWakeupTime
    radio.o(.text.RadioInit) refers to radio.o(.bss..L_MergedGlobals) for [Anonymous Symbol]
    radio.o(.text.RadioInit) refers to radio.o(.text.RadioOnDioIrq) for RadioOnDioIrq
    radio.o(.text.RadioInit) refers to radio.o(.text.RadioOnTxTimeoutIrq) for RadioOnTxTimeoutIrq
    radio.o(.text.RadioInit) refers to radio.o(.text.RadioOnRxTimeoutIrq) for RadioOnRxTimeoutIrq
    radio.o(.ARM.exidx.text.RadioInit) refers to radio.o(.text.RadioInit) for [Anonymous Symbol]
    radio.o(.text.RadioGetStatus) refers to sx126x.o(.text.SX126xGetOperatingMode) for SX126xGetOperatingMode
    radio.o(.ARM.exidx.text.RadioGetStatus) refers to radio.o(.text.RadioGetStatus) for [Anonymous Symbol]
    radio.o(.text.RadioSetModem) refers to sx126x.o(.text.SX126xSetPacketType) for SX126xSetPacketType
    radio.o(.text.RadioSetModem) refers to radio.o(.text.RadioSetPublicNetwork) for RadioSetPublicNetwork
    radio.o(.text.RadioSetModem) refers to radio.o(.bss..L_MergedGlobals) for [Anonymous Symbol]
    radio.o(.ARM.exidx.text.RadioSetModem) refers to radio.o(.text.RadioSetModem) for [Anonymous Symbol]
    radio.o(.text.RadioSetChannel) refers to sx126x.o(.text.SX126xSetRfFrequency) for SX126xSetRfFrequency
    radio.o(.ARM.exidx.text.RadioSetChannel) refers to radio.o(.text.RadioSetChannel) for [Anonymous Symbol]
    radio.o(.text.RadioIsChannelFree) refers to radio.o(.text.RadioSetModem) for RadioSetModem
    radio.o(.text.RadioIsChannelFree) refers to sx126x.o(.text.SX126xSetRfFrequency) for SX126xSetRfFrequency
    radio.o(.text.RadioIsChannelFree) refers to radio.o(.text.RadioSetRxConfig) for RadioSetRxConfig
    radio.o(.text.RadioIsChannelFree) refers to radio.o(.text.RadioRx) for RadioRx
    radio.o(.text.RadioIsChannelFree) refers to sys_app.o(.text.HAL_Delay) for HAL_Delay
    radio.o(.text.RadioIsChannelFree) refers to stm32_timer.o(.text.UTIL_TIMER_GetCurrentTime) for UTIL_TIMER_GetCurrentTime
    radio.o(.text.RadioIsChannelFree) refers to stm32_timer.o(.text.UTIL_TIMER_GetElapsedTime) for UTIL_TIMER_GetElapsedTime
    radio.o(.text.RadioIsChannelFree) refers to sx126x.o(.text.SX126xGetRssiInst) for SX126xGetRssiInst
    radio.o(.text.RadioIsChannelFree) refers to radio.o(.text.RadioSleep) for RadioSleep
    radio.o(.ARM.exidx.text.RadioIsChannelFree) refers to radio.o(.text.RadioIsChannelFree) for [Anonymous Symbol]
    radio.o(.text.RadioRandom) refers to radio.o(.text.RadioSetModem) for RadioSetModem
    radio.o(.text.RadioRandom) refers to sx126x.o(.text.SX126xSetDioIrqParams) for SX126xSetDioIrqParams
    radio.o(.text.RadioRandom) refers to sx126x.o(.text.SX126xGetRandom) for SX126xGetRandom
    radio.o(.text.RadioRandom) refers to muratasx126xmodule.o(.text.SX126x_RADIO_BoardSetLedRx) for SX126x_RADIO_BoardSetLedRx
    radio.o(.ARM.exidx.text.RadioRandom) refers to radio.o(.text.RadioRandom) for [Anonymous Symbol]
    radio.o(.text.RadioSetRxConfig) refers to sx126x.o(.text.SX126xSetStopRxTimerOnPreambleDetect) for SX126xSetStopRxTimerOnPreambleDetect
    radio.o(.text.RadioSetRxConfig) refers to radio.o(.text.RadioGetFskBandwidthRegValue) for RadioGetFskBandwidthRegValue
    radio.o(.text.RadioSetRxConfig) refers to radio.o(.text.RadioStandby) for RadioStandby
    radio.o(.text.RadioSetRxConfig) refers to radio.o(.text.RadioSetModem) for RadioSetModem
    radio.o(.text.RadioSetRxConfig) refers to sx126x.o(.text.SX126xSetModulationParams) for SX126xSetModulationParams
    radio.o(.text.RadioSetRxConfig) refers to sx126x.o(.text.SX126xSetPacketParams) for SX126xSetPacketParams
    radio.o(.text.RadioSetRxConfig) refers to memseta.o(.text) for __aeabi_memclr
    radio.o(.text.RadioSetRxConfig) refers to sx126x.o(.text.SX126xSetSyncWord) for SX126xSetSyncWord
    radio.o(.text.RadioSetRxConfig) refers to sx126x.o(.text.SX126xSetWhiteningSeed) for SX126xSetWhiteningSeed
    radio.o(.text.RadioSetRxConfig) refers to dfltui.o(.text) for __aeabi_ui2d
    radio.o(.text.RadioSetRxConfig) refers to ddiv.o(.text) for __aeabi_ddiv
    radio.o(.text.RadioSetRxConfig) refers to dmul.o(.text) for __aeabi_dmul
    radio.o(.text.RadioSetRxConfig) refers to dfixui.o(.text) for __aeabi_d2uiz
    radio.o(.text.RadioSetRxConfig) refers to sx126x.o(.text.SX126xSetLoRaSymbNumTimeout) for SX126xSetLoRaSymbNumTimeout
    radio.o(.text.RadioSetRxConfig) refers to sx126x.o(.text.SX126xReadRegister) for SX126xReadRegister
    radio.o(.text.RadioSetRxConfig) refers to sx126x.o(.text.SX126xWriteRegister) for SX126xWriteRegister
    radio.o(.text.RadioSetRxConfig) refers to radio.o(.bss..L_MergedGlobals) for [Anonymous Symbol]
    radio.o(.text.RadioSetRxConfig) refers to radio.o(.data.MaxPayloadLength) for MaxPayloadLength
    radio.o(.text.RadioSetRxConfig) refers to radio.o(.bss.SX126x) for SX126x
    radio.o(.text.RadioSetRxConfig) refers to radio.o(.rodata.Bandwidths) for Bandwidths
    radio.o(.ARM.exidx.text.RadioSetRxConfig) refers to radio.o(.text.RadioSetRxConfig) for [Anonymous Symbol]
    radio.o(.text.RadioSetTxConfig) refers to radio.o(.text.RadioGetFskBandwidthRegValue) for RadioGetFskBandwidthRegValue
    radio.o(.text.RadioSetTxConfig) refers to radio.o(.text.RadioStandby) for RadioStandby
    radio.o(.text.RadioSetTxConfig) refers to radio.o(.text.RadioSetModem) for RadioSetModem
    radio.o(.text.RadioSetTxConfig) refers to sx126x.o(.text.SX126xSetModulationParams) for SX126xSetModulationParams
    radio.o(.text.RadioSetTxConfig) refers to sx126x.o(.text.SX126xSetPacketParams) for SX126xSetPacketParams
    radio.o(.text.RadioSetTxConfig) refers to memseta.o(.text) for __aeabi_memclr
    radio.o(.text.RadioSetTxConfig) refers to sx126x.o(.text.SX126xSetSyncWord) for SX126xSetSyncWord
    radio.o(.text.RadioSetTxConfig) refers to sx126x.o(.text.SX126xSetWhiteningSeed) for SX126xSetWhiteningSeed
    radio.o(.text.RadioSetTxConfig) refers to sx126x.o(.text.SX126xReadRegister) for SX126xReadRegister
    radio.o(.text.RadioSetTxConfig) refers to sx126x.o(.text.SX126xWriteRegister) for SX126xWriteRegister
    radio.o(.text.RadioSetTxConfig) refers to sx126x.o(.text.SX126xSetRfTxPower) for SX126xSetRfTxPower
    radio.o(.text.RadioSetTxConfig) refers to radio.o(.bss.SX126x) for SX126x
    radio.o(.text.RadioSetTxConfig) refers to radio.o(.rodata.Bandwidths) for Bandwidths
    radio.o(.text.RadioSetTxConfig) refers to radio.o(.data.MaxPayloadLength) for MaxPayloadLength
    radio.o(.text.RadioSetTxConfig) refers to radio.o(.bss..L_MergedGlobals) for [Anonymous Symbol]
    radio.o(.ARM.exidx.text.RadioSetTxConfig) refers to radio.o(.text.RadioSetTxConfig) for [Anonymous Symbol]
    radio.o(.ARM.exidx.text.RadioCheckRfFrequency) refers to radio.o(.text.RadioCheckRfFrequency) for [Anonymous Symbol]
    radio.o(.text.RadioTimeOnAir) refers to uidiv_div0.o(.text) for __aeabi_uidiv
    radio.o(.text.RadioTimeOnAir) refers to idiv_div0.o(.text) for __aeabi_idiv
    radio.o(.text.RadioTimeOnAir) refers to radio.o(.rodata.Bandwidths) for Bandwidths
    radio.o(.ARM.exidx.text.RadioTimeOnAir) refers to radio.o(.text.RadioTimeOnAir) for [Anonymous Symbol]
    radio.o(.text.RadioSend) refers to sx126x.o(.text.SX126xSetDioIrqParams) for SX126xSetDioIrqParams
    radio.o(.text.RadioSend) refers to sx126x.o(.text.SX126xGetPacketType) for SX126xGetPacketType
    radio.o(.text.RadioSend) refers to sx126x.o(.text.SX126xSetPacketParams) for SX126xSetPacketParams
    radio.o(.text.RadioSend) refers to sx126x.o(.text.SX126xSendPayload) for SX126xSendPayload
    radio.o(.text.RadioSend) refers to stm32_timer.o(.text.UTIL_TIMER_SetPeriod) for UTIL_TIMER_SetPeriod
    radio.o(.text.RadioSend) refers to stm32_timer.o(.text.UTIL_TIMER_Start) for UTIL_TIMER_Start
    radio.o(.text.RadioSend) refers to radio.o(.bss.SX126x) for SX126x
    radio.o(.text.RadioSend) refers to radio.o(.bss..L_MergedGlobals) for [Anonymous Symbol]
    radio.o(.ARM.exidx.text.RadioSend) refers to radio.o(.text.RadioSend) for [Anonymous Symbol]
    radio.o(.text.RadioSleep) refers to sx126x.o(.text.SX126xSetSleep) for SX126xSetSleep
    radio.o(.text.RadioSleep) refers to sys_app.o(.text.HAL_Delay) for HAL_Delay
    radio.o(.ARM.exidx.text.RadioSleep) refers to radio.o(.text.RadioSleep) for [Anonymous Symbol]
    radio.o(.text.RadioStandby) refers to sx126x.o(.text.SX126xSetStandby) for SX126xSetStandby
    radio.o(.ARM.exidx.text.RadioStandby) refers to radio.o(.text.RadioStandby) for [Anonymous Symbol]
    radio.o(.text.RadioRx) refers to sx126x.o(.text.SX126xSetDioIrqParams) for SX126xSetDioIrqParams
    radio.o(.text.RadioRx) refers to stm32_timer.o(.text.UTIL_TIMER_SetPeriod) for UTIL_TIMER_SetPeriod
    radio.o(.text.RadioRx) refers to stm32_timer.o(.text.UTIL_TIMER_Start) for UTIL_TIMER_Start
    radio.o(.text.RadioRx) refers to sx126x.o(.text.SX126xSetRx) for SX126xSetRx
    radio.o(.text.RadioRx) refers to radio.o(.bss..L_MergedGlobals) for [Anonymous Symbol]
    radio.o(.ARM.exidx.text.RadioRx) refers to radio.o(.text.RadioRx) for [Anonymous Symbol]
    radio.o(.text.RadioStartCad) refers to sx126x.o(.text.SX126xSetDioIrqParams) for SX126xSetDioIrqParams
    radio.o(.text.RadioStartCad) refers to sx126x.o(.text.SX126xSetCad) for SX126xSetCad
    radio.o(.ARM.exidx.text.RadioStartCad) refers to radio.o(.text.RadioStartCad) for [Anonymous Symbol]
    radio.o(.text.RadioSetTxContinuousWave) refers to sx126x.o(.text.SX126xSetRfFrequency) for SX126xSetRfFrequency
    radio.o(.text.RadioSetTxContinuousWave) refers to sx126x.o(.text.SX126xSetRfTxPower) for SX126xSetRfTxPower
    radio.o(.text.RadioSetTxContinuousWave) refers to sx126x.o(.text.SX126xSetTxContinuousWave) for SX126xSetTxContinuousWave
    radio.o(.text.RadioSetTxContinuousWave) refers to stm32_timer.o(.text.UTIL_TIMER_SetPeriod) for UTIL_TIMER_SetPeriod
    radio.o(.text.RadioSetTxContinuousWave) refers to stm32_timer.o(.text.UTIL_TIMER_Start) for UTIL_TIMER_Start
    radio.o(.text.RadioSetTxContinuousWave) refers to radio.o(.bss..L_MergedGlobals) for [Anonymous Symbol]
    radio.o(.ARM.exidx.text.RadioSetTxContinuousWave) refers to radio.o(.text.RadioSetTxContinuousWave) for [Anonymous Symbol]
    radio.o(.text.RadioRssi) refers to sx126x.o(.text.SX126xGetRssiInst) for SX126xGetRssiInst
    radio.o(.ARM.exidx.text.RadioRssi) refers to radio.o(.text.RadioRssi) for [Anonymous Symbol]
    radio.o(.text.RadioWrite) refers to sx126x.o(.text.SX126xWriteRegister) for SX126xWriteRegister
    radio.o(.ARM.exidx.text.RadioWrite) refers to radio.o(.text.RadioWrite) for [Anonymous Symbol]
    radio.o(.text.RadioRead) refers to sx126x.o(.text.SX126xReadRegister) for SX126xReadRegister
    radio.o(.ARM.exidx.text.RadioRead) refers to radio.o(.text.RadioRead) for [Anonymous Symbol]
    radio.o(.text.RadioWriteBuffer) refers to sx126x.o(.text.SX126xWriteRegisters) for SX126xWriteRegisters
    radio.o(.ARM.exidx.text.RadioWriteBuffer) refers to radio.o(.text.RadioWriteBuffer) for [Anonymous Symbol]
    radio.o(.text.RadioReadBuffer) refers to sx126x.o(.text.SX126xReadRegisters) for SX126xReadRegisters
    radio.o(.ARM.exidx.text.RadioReadBuffer) refers to radio.o(.text.RadioReadBuffer) for [Anonymous Symbol]
    radio.o(.text.RadioSetMaxPayloadLength) refers to sx126x.o(.text.SX126xSetPacketParams) for SX126xSetPacketParams
    radio.o(.text.RadioSetMaxPayloadLength) refers to radio.o(.bss.SX126x) for SX126x
    radio.o(.text.RadioSetMaxPayloadLength) refers to radio.o(.data.MaxPayloadLength) for MaxPayloadLength
    radio.o(.ARM.exidx.text.RadioSetMaxPayloadLength) refers to radio.o(.text.RadioSetMaxPayloadLength) for [Anonymous Symbol]
    radio.o(.text.RadioSetPublicNetwork) refers to radio.o(.text.RadioSetModem) for RadioSetModem
    radio.o(.text.RadioSetPublicNetwork) refers to sx126x.o(.text.SX126xWriteRegister) for SX126xWriteRegister
    radio.o(.text.RadioSetPublicNetwork) refers to radio.o(.bss..L_MergedGlobals) for [Anonymous Symbol]
    radio.o(.ARM.exidx.text.RadioSetPublicNetwork) refers to radio.o(.text.RadioSetPublicNetwork) for [Anonymous Symbol]
    radio.o(.text.RadioGetWakeupTime) refers to muratasx126xmodule.o(.text.SX126x_RADIO_GetWakeUpTime) for SX126x_RADIO_GetWakeUpTime
    radio.o(.ARM.exidx.text.RadioGetWakeupTime) refers to radio.o(.text.RadioGetWakeupTime) for [Anonymous Symbol]
    radio.o(.text.RadioIrqProcess) refers to sx126x.o(.text.SX126xGetIrqStatus) for SX126xGetIrqStatus
    radio.o(.text.RadioIrqProcess) refers to sx126x.o(.text.SX126xClearIrqStatus) for SX126xClearIrqStatus
    radio.o(.text.RadioIrqProcess) refers to stm32_timer.o(.text.UTIL_TIMER_Stop) for UTIL_TIMER_Stop
    radio.o(.text.RadioIrqProcess) refers to sx126x.o(.text.SX126xSetOperatingMode) for SX126xSetOperatingMode
    radio.o(.text.RadioIrqProcess) refers to muratasx126xmodule.o(.text.SX126x_RADIO_BoardSetLedTx) for SX126x_RADIO_BoardSetLedTx
    radio.o(.text.RadioIrqProcess) refers to sx126x.o(.text.SX126xWriteRegister) for SX126xWriteRegister
    radio.o(.text.RadioIrqProcess) refers to sx126x.o(.text.SX126xReadRegister) for SX126xReadRegister
    radio.o(.text.RadioIrqProcess) refers to sx126x.o(.text.SX126xGetPayload) for SX126xGetPayload
    radio.o(.text.RadioIrqProcess) refers to sx126x.o(.text.SX126xGetPacketStatus) for SX126xGetPacketStatus
    radio.o(.text.RadioIrqProcess) refers to muratasx126xmodule.o(.text.SX126x_RADIO_BoardSetLedRx) for SX126x_RADIO_BoardSetLedRx
    radio.o(.text.RadioIrqProcess) refers to stm32_adv_trace.o(.text.UTIL_ADV_TRACE_COND_FSend) for UTIL_ADV_TRACE_COND_FSend
    radio.o(.text.RadioIrqProcess) refers to sx126x.o(.text.SX126xGetOperatingMode) for SX126xGetOperatingMode
    radio.o(.text.RadioIrqProcess) refers to radio.o(.bss..L_MergedGlobals) for [Anonymous Symbol]
    radio.o(.text.RadioIrqProcess) refers to radio.o(.bss.RadioRxPayload) for RadioRxPayload
    radio.o(.ARM.exidx.text.RadioIrqProcess) refers to radio.o(.text.RadioIrqProcess) for [Anonymous Symbol]
    radio.o(.text.RadioRxBoosted) refers to sx126x.o(.text.SX126xSetDioIrqParams) for SX126xSetDioIrqParams
    radio.o(.text.RadioRxBoosted) refers to stm32_timer.o(.text.UTIL_TIMER_SetPeriod) for UTIL_TIMER_SetPeriod
    radio.o(.text.RadioRxBoosted) refers to stm32_timer.o(.text.UTIL_TIMER_Start) for UTIL_TIMER_Start
    radio.o(.text.RadioRxBoosted) refers to sx126x.o(.text.SX126xSetRxBoosted) for SX126xSetRxBoosted
    radio.o(.text.RadioRxBoosted) refers to radio.o(.bss..L_MergedGlobals) for [Anonymous Symbol]
    radio.o(.ARM.exidx.text.RadioRxBoosted) refers to radio.o(.text.RadioRxBoosted) for [Anonymous Symbol]
    radio.o(.text.RadioSetRxDutyCycle) refers to sx126x.o(.text.SX126xSetRxDutyCycle) for SX126xSetRxDutyCycle
    radio.o(.ARM.exidx.text.RadioSetRxDutyCycle) refers to radio.o(.text.RadioSetRxDutyCycle) for [Anonymous Symbol]
    radio.o(.text.RadioOnDioIrq) refers to radio.o(.text.RadioIrqProcess) for RadioIrqProcess
    radio.o(.text.RadioOnDioIrq) refers to radio.o(.bss..L_MergedGlobals) for [Anonymous Symbol]
    radio.o(.ARM.exidx.text.RadioOnDioIrq) refers to radio.o(.text.RadioOnDioIrq) for [Anonymous Symbol]
    radio.o(.text.RadioOnTxTimeoutIrq) refers to radio.o(.bss..L_MergedGlobals) for [Anonymous Symbol]
    radio.o(.ARM.exidx.text.RadioOnTxTimeoutIrq) refers to radio.o(.text.RadioOnTxTimeoutIrq) for [Anonymous Symbol]
    radio.o(.text.RadioOnRxTimeoutIrq) refers to radio.o(.bss..L_MergedGlobals) for [Anonymous Symbol]
    radio.o(.ARM.exidx.text.RadioOnRxTimeoutIrq) refers to radio.o(.text.RadioOnRxTimeoutIrq) for [Anonymous Symbol]
    radio.o(.text.RadioGetFskBandwidthRegValue) refers to radio.o(.rodata.FskBandwidths) for FskBandwidths
    radio.o(.ARM.exidx.text.RadioGetFskBandwidthRegValue) refers to radio.o(.text.RadioGetFskBandwidthRegValue) for [Anonymous Symbol]
    radio.o(.rodata.Radio) refers to radio.o(.text.RadioInit) for RadioInit
    radio.o(.rodata.Radio) refers to radio.o(.text.RadioGetStatus) for RadioGetStatus
    radio.o(.rodata.Radio) refers to radio.o(.text.RadioSetModem) for RadioSetModem
    radio.o(.rodata.Radio) refers to radio.o(.text.RadioSetChannel) for RadioSetChannel
    radio.o(.rodata.Radio) refers to radio.o(.text.RadioIsChannelFree) for RadioIsChannelFree
    radio.o(.rodata.Radio) refers to radio.o(.text.RadioRandom) for RadioRandom
    radio.o(.rodata.Radio) refers to radio.o(.text.RadioSetRxConfig) for RadioSetRxConfig
    radio.o(.rodata.Radio) refers to radio.o(.text.RadioSetTxConfig) for RadioSetTxConfig
    radio.o(.rodata.Radio) refers to radio.o(.text.RadioCheckRfFrequency) for RadioCheckRfFrequency
    radio.o(.rodata.Radio) refers to radio.o(.text.RadioTimeOnAir) for RadioTimeOnAir
    radio.o(.rodata.Radio) refers to radio.o(.text.RadioSend) for RadioSend
    radio.o(.rodata.Radio) refers to radio.o(.text.RadioSleep) for RadioSleep
    radio.o(.rodata.Radio) refers to radio.o(.text.RadioStandby) for RadioStandby
    radio.o(.rodata.Radio) refers to radio.o(.text.RadioRx) for RadioRx
    radio.o(.rodata.Radio) refers to radio.o(.text.RadioStartCad) for RadioStartCad
    radio.o(.rodata.Radio) refers to radio.o(.text.RadioSetTxContinuousWave) for RadioSetTxContinuousWave
    radio.o(.rodata.Radio) refers to radio.o(.text.RadioRssi) for RadioRssi
    radio.o(.rodata.Radio) refers to radio.o(.text.RadioWrite) for RadioWrite
    radio.o(.rodata.Radio) refers to radio.o(.text.RadioRead) for RadioRead
    radio.o(.rodata.Radio) refers to radio.o(.text.RadioWriteBuffer) for RadioWriteBuffer
    radio.o(.rodata.Radio) refers to radio.o(.text.RadioReadBuffer) for RadioReadBuffer
    radio.o(.rodata.Radio) refers to radio.o(.text.RadioSetMaxPayloadLength) for RadioSetMaxPayloadLength
    radio.o(.rodata.Radio) refers to radio.o(.text.RadioSetPublicNetwork) for RadioSetPublicNetwork
    radio.o(.rodata.Radio) refers to radio.o(.text.RadioGetWakeupTime) for RadioGetWakeupTime
    radio.o(.rodata.Radio) refers to radio.o(.text.RadioIrqProcess) for RadioIrqProcess
    radio.o(.rodata.Radio) refers to radio.o(.text.RadioRxBoosted) for RadioRxBoosted
    radio.o(.rodata.Radio) refers to radio.o(.text.RadioSetRxDutyCycle) for RadioSetRxDutyCycle
    stm32_adv_trace.o(.text.UTIL_ADV_TRACE_Init) refers to stm32_mem.o(.text.UTIL_MEM_set_8) for UTIL_MEM_set_8
    stm32_adv_trace.o(.text.UTIL_ADV_TRACE_Init) refers to stm32_adv_trace.o(.bss.ADV_TRACE_Ctx) for [Anonymous Symbol]
    stm32_adv_trace.o(.text.UTIL_ADV_TRACE_Init) refers to stm32_adv_trace.o(.bss.ADV_TRACE_Buffer) for [Anonymous Symbol]
    stm32_adv_trace.o(.text.UTIL_ADV_TRACE_Init) refers to usart_if.o(.rodata.UTIL_TraceDriver) for UTIL_TraceDriver
    stm32_adv_trace.o(.text.UTIL_ADV_TRACE_Init) refers to stm32_adv_trace.o(.text.TRACE_TxCpltCallback) for TRACE_TxCpltCallback
    stm32_adv_trace.o(.ARM.exidx.text.UTIL_ADV_TRACE_Init) refers to stm32_adv_trace.o(.text.UTIL_ADV_TRACE_Init) for [Anonymous Symbol]
    stm32_adv_trace.o(.text.TRACE_TxCpltCallback) refers to sys_app.o(.text.UTIL_ADV_TRACE_PostSendHook) for UTIL_ADV_TRACE_PostSendHook
    stm32_adv_trace.o(.text.TRACE_TxCpltCallback) refers to stm32_adv_trace.o(.text.TRACE_UnLock) for TRACE_UnLock
    stm32_adv_trace.o(.text.TRACE_TxCpltCallback) refers to stm32_adv_trace.o(.bss.ADV_TRACE_Ctx) for [Anonymous Symbol]
    stm32_adv_trace.o(.text.TRACE_TxCpltCallback) refers to stm32_adv_trace.o(.bss.ADV_TRACE_Buffer) for [Anonymous Symbol]
    stm32_adv_trace.o(.text.TRACE_TxCpltCallback) refers to usart_if.o(.rodata.UTIL_TraceDriver) for UTIL_TraceDriver
    stm32_adv_trace.o(.ARM.exidx.text.TRACE_TxCpltCallback) refers to stm32_adv_trace.o(.text.TRACE_TxCpltCallback) for [Anonymous Symbol]
    stm32_adv_trace.o(.text.UTIL_ADV_TRACE_DeInit) refers to usart_if.o(.rodata.UTIL_TraceDriver) for UTIL_TraceDriver
    stm32_adv_trace.o(.ARM.exidx.text.UTIL_ADV_TRACE_DeInit) refers to stm32_adv_trace.o(.text.UTIL_ADV_TRACE_DeInit) for [Anonymous Symbol]
    stm32_adv_trace.o(.text.UTIL_ADV_TRACE_IoInit) refers to usart_if.o(.rodata.UTIL_TraceDriver) for UTIL_TraceDriver
    stm32_adv_trace.o(.ARM.exidx.text.UTIL_ADV_TRACE_IoInit) refers to stm32_adv_trace.o(.text.UTIL_ADV_TRACE_IoInit) for [Anonymous Symbol]
    stm32_adv_trace.o(.text.UTIL_ADV_TRACE_IoDeInit) refers to usart_if.o(.rodata.UTIL_TraceDriver) for UTIL_TraceDriver
    stm32_adv_trace.o(.ARM.exidx.text.UTIL_ADV_TRACE_IoDeInit) refers to stm32_adv_trace.o(.text.UTIL_ADV_TRACE_IoDeInit) for [Anonymous Symbol]
    stm32_adv_trace.o(.text.UTIL_ADV_TRACE_StartRxProcess) refers to usart_if.o(.rodata.UTIL_TraceDriver) for UTIL_TraceDriver
    stm32_adv_trace.o(.ARM.exidx.text.UTIL_ADV_TRACE_StartRxProcess) refers to stm32_adv_trace.o(.text.UTIL_ADV_TRACE_StartRxProcess) for [Anonymous Symbol]
    stm32_adv_trace.o(.text.UTIL_ADV_TRACE_COND_FSend) refers to stm32_tiny_vsnprintf.o(.text.tiny_vsnprintf_like) for tiny_vsnprintf_like
    stm32_adv_trace.o(.text.UTIL_ADV_TRACE_COND_FSend) refers to stm32_adv_trace.o(.text.TRACE_Lock) for TRACE_Lock
    stm32_adv_trace.o(.text.UTIL_ADV_TRACE_COND_FSend) refers to stm32_adv_trace.o(.text.TRACE_AllocateBufer) for TRACE_AllocateBufer
    stm32_adv_trace.o(.text.UTIL_ADV_TRACE_COND_FSend) refers to stm32_adv_trace.o(.text.TRACE_UnLock) for TRACE_UnLock
    stm32_adv_trace.o(.text.UTIL_ADV_TRACE_COND_FSend) refers to stm32_adv_trace.o(.text.TRACE_Send) for TRACE_Send
    stm32_adv_trace.o(.text.UTIL_ADV_TRACE_COND_FSend) refers to stm32_adv_trace.o(.bss.ADV_TRACE_Ctx) for [Anonymous Symbol]
    stm32_adv_trace.o(.text.UTIL_ADV_TRACE_COND_FSend) refers to stm32_adv_trace.o(.bss.sztmp) for [Anonymous Symbol]
    stm32_adv_trace.o(.text.UTIL_ADV_TRACE_COND_FSend) refers to stm32_adv_trace.o(.bss.ADV_TRACE_Buffer) for [Anonymous Symbol]
    stm32_adv_trace.o(.ARM.exidx.text.UTIL_ADV_TRACE_COND_FSend) refers to stm32_adv_trace.o(.text.UTIL_ADV_TRACE_COND_FSend) for [Anonymous Symbol]
    stm32_adv_trace.o(.text.TRACE_Lock) refers to stm32_adv_trace.o(.bss.ADV_TRACE_Ctx) for [Anonymous Symbol]
    stm32_adv_trace.o(.ARM.exidx.text.TRACE_Lock) refers to stm32_adv_trace.o(.text.TRACE_Lock) for [Anonymous Symbol]
    stm32_adv_trace.o(.text.TRACE_AllocateBufer) refers to stm32_adv_trace.o(.bss.ADV_TRACE_Ctx) for [Anonymous Symbol]
    stm32_adv_trace.o(.ARM.exidx.text.TRACE_AllocateBufer) refers to stm32_adv_trace.o(.text.TRACE_AllocateBufer) for [Anonymous Symbol]
    stm32_adv_trace.o(.text.TRACE_UnLock) refers to stm32_adv_trace.o(.bss.ADV_TRACE_Ctx) for [Anonymous Symbol]
    stm32_adv_trace.o(.ARM.exidx.text.TRACE_UnLock) refers to stm32_adv_trace.o(.text.TRACE_UnLock) for [Anonymous Symbol]
    stm32_adv_trace.o(.text.TRACE_Send) refers to stm32_adv_trace.o(.text.TRACE_Lock) for TRACE_Lock
    stm32_adv_trace.o(.text.TRACE_Send) refers to stm32_adv_trace.o(.text.TRACE_UnLock) for TRACE_UnLock
    stm32_adv_trace.o(.text.TRACE_Send) refers to sys_app.o(.text.UTIL_ADV_TRACE_PreSendHook) for UTIL_ADV_TRACE_PreSendHook
    stm32_adv_trace.o(.text.TRACE_Send) refers to stm32_adv_trace.o(.bss.ADV_TRACE_Ctx) for [Anonymous Symbol]
    stm32_adv_trace.o(.text.TRACE_Send) refers to stm32_adv_trace.o(.bss.ADV_TRACE_Buffer) for [Anonymous Symbol]
    stm32_adv_trace.o(.text.TRACE_Send) refers to usart_if.o(.rodata.UTIL_TraceDriver) for UTIL_TraceDriver
    stm32_adv_trace.o(.ARM.exidx.text.TRACE_Send) refers to stm32_adv_trace.o(.text.TRACE_Send) for [Anonymous Symbol]
    stm32_adv_trace.o(.text.UTIL_ADV_TRACE_FSend) refers to stm32_tiny_vsnprintf.o(.text.tiny_vsnprintf_like) for tiny_vsnprintf_like
    stm32_adv_trace.o(.text.UTIL_ADV_TRACE_FSend) refers to stm32_adv_trace.o(.text.UTIL_ADV_TRACE_Send) for UTIL_ADV_TRACE_Send
    stm32_adv_trace.o(.ARM.exidx.text.UTIL_ADV_TRACE_FSend) refers to stm32_adv_trace.o(.text.UTIL_ADV_TRACE_FSend) for [Anonymous Symbol]
    stm32_adv_trace.o(.text.UTIL_ADV_TRACE_Send) refers to stm32_adv_trace.o(.text.TRACE_Lock) for TRACE_Lock
    stm32_adv_trace.o(.text.UTIL_ADV_TRACE_Send) refers to stm32_adv_trace.o(.text.TRACE_AllocateBufer) for TRACE_AllocateBufer
    stm32_adv_trace.o(.text.UTIL_ADV_TRACE_Send) refers to stm32_adv_trace.o(.text.TRACE_UnLock) for TRACE_UnLock
    stm32_adv_trace.o(.text.UTIL_ADV_TRACE_Send) refers to stm32_adv_trace.o(.text.TRACE_Send) for TRACE_Send
    stm32_adv_trace.o(.text.UTIL_ADV_TRACE_Send) refers to stm32_adv_trace.o(.bss.ADV_TRACE_Buffer) for [Anonymous Symbol]
    stm32_adv_trace.o(.ARM.exidx.text.UTIL_ADV_TRACE_Send) refers to stm32_adv_trace.o(.text.UTIL_ADV_TRACE_Send) for [Anonymous Symbol]
    stm32_adv_trace.o(.text.UTIL_ADV_TRACE_COND_ZCSend_Allocation) refers to stm32_adv_trace.o(.text.TRACE_Lock) for TRACE_Lock
    stm32_adv_trace.o(.text.UTIL_ADV_TRACE_COND_ZCSend_Allocation) refers to stm32_adv_trace.o(.text.TRACE_AllocateBufer) for TRACE_AllocateBufer
    stm32_adv_trace.o(.text.UTIL_ADV_TRACE_COND_ZCSend_Allocation) refers to stm32_adv_trace.o(.text.TRACE_UnLock) for TRACE_UnLock
    stm32_adv_trace.o(.text.UTIL_ADV_TRACE_COND_ZCSend_Allocation) refers to stm32_adv_trace.o(.bss.ADV_TRACE_Ctx) for [Anonymous Symbol]
    stm32_adv_trace.o(.text.UTIL_ADV_TRACE_COND_ZCSend_Allocation) refers to stm32_adv_trace.o(.bss.ADV_TRACE_Buffer) for [Anonymous Symbol]
    stm32_adv_trace.o(.ARM.exidx.text.UTIL_ADV_TRACE_COND_ZCSend_Allocation) refers to stm32_adv_trace.o(.text.UTIL_ADV_TRACE_COND_ZCSend_Allocation) for [Anonymous Symbol]
    stm32_adv_trace.o(.text.UTIL_ADV_TRACE_COND_ZCSend_Finalize) refers to stm32_adv_trace.o(.text.UTIL_ADV_TRACE_ZCSend_Finalize) for UTIL_ADV_TRACE_ZCSend_Finalize
    stm32_adv_trace.o(.ARM.exidx.text.UTIL_ADV_TRACE_COND_ZCSend_Finalize) refers to stm32_adv_trace.o(.text.UTIL_ADV_TRACE_COND_ZCSend_Finalize) for [Anonymous Symbol]
    stm32_adv_trace.o(.text.UTIL_ADV_TRACE_ZCSend_Finalize) refers to stm32_adv_trace.o(.text.TRACE_UnLock) for TRACE_UnLock
    stm32_adv_trace.o(.text.UTIL_ADV_TRACE_ZCSend_Finalize) refers to stm32_adv_trace.o(.text.TRACE_Send) for TRACE_Send
    stm32_adv_trace.o(.ARM.exidx.text.UTIL_ADV_TRACE_ZCSend_Finalize) refers to stm32_adv_trace.o(.text.UTIL_ADV_TRACE_ZCSend_Finalize) for [Anonymous Symbol]
    stm32_adv_trace.o(.text.UTIL_ADV_TRACE_ZCSend_Allocation) refers to stm32_adv_trace.o(.text.TRACE_Lock) for TRACE_Lock
    stm32_adv_trace.o(.text.UTIL_ADV_TRACE_ZCSend_Allocation) refers to stm32_adv_trace.o(.text.TRACE_AllocateBufer) for TRACE_AllocateBufer
    stm32_adv_trace.o(.text.UTIL_ADV_TRACE_ZCSend_Allocation) refers to stm32_adv_trace.o(.text.TRACE_UnLock) for TRACE_UnLock
    stm32_adv_trace.o(.text.UTIL_ADV_TRACE_ZCSend_Allocation) refers to stm32_adv_trace.o(.bss.ADV_TRACE_Buffer) for [Anonymous Symbol]
    stm32_adv_trace.o(.ARM.exidx.text.UTIL_ADV_TRACE_ZCSend_Allocation) refers to stm32_adv_trace.o(.text.UTIL_ADV_TRACE_ZCSend_Allocation) for [Anonymous Symbol]
    stm32_adv_trace.o(.text.UTIL_ADV_TRACE_COND_Send) refers to stm32_adv_trace.o(.text.TRACE_Lock) for TRACE_Lock
    stm32_adv_trace.o(.text.UTIL_ADV_TRACE_COND_Send) refers to stm32_adv_trace.o(.text.TRACE_AllocateBufer) for TRACE_AllocateBufer
    stm32_adv_trace.o(.text.UTIL_ADV_TRACE_COND_Send) refers to stm32_adv_trace.o(.text.TRACE_UnLock) for TRACE_UnLock
    stm32_adv_trace.o(.text.UTIL_ADV_TRACE_COND_Send) refers to stm32_adv_trace.o(.text.TRACE_Send) for TRACE_Send
    stm32_adv_trace.o(.text.UTIL_ADV_TRACE_COND_Send) refers to stm32_adv_trace.o(.bss.ADV_TRACE_Ctx) for [Anonymous Symbol]
    stm32_adv_trace.o(.text.UTIL_ADV_TRACE_COND_Send) refers to stm32_adv_trace.o(.bss.ADV_TRACE_Buffer) for [Anonymous Symbol]
    stm32_adv_trace.o(.ARM.exidx.text.UTIL_ADV_TRACE_COND_Send) refers to stm32_adv_trace.o(.text.UTIL_ADV_TRACE_COND_Send) for [Anonymous Symbol]
    stm32_adv_trace.o(.text.UTIL_ADV_TRACE_RegisterTimeStampFunction) refers to stm32_adv_trace.o(.bss.ADV_TRACE_Ctx) for [Anonymous Symbol]
    stm32_adv_trace.o(.ARM.exidx.text.UTIL_ADV_TRACE_RegisterTimeStampFunction) refers to stm32_adv_trace.o(.text.UTIL_ADV_TRACE_RegisterTimeStampFunction) for [Anonymous Symbol]
    stm32_adv_trace.o(.text.UTIL_ADV_TRACE_SetVerboseLevel) refers to stm32_adv_trace.o(.bss.ADV_TRACE_Ctx) for [Anonymous Symbol]
    stm32_adv_trace.o(.ARM.exidx.text.UTIL_ADV_TRACE_SetVerboseLevel) refers to stm32_adv_trace.o(.text.UTIL_ADV_TRACE_SetVerboseLevel) for [Anonymous Symbol]
    stm32_adv_trace.o(.text.UTIL_ADV_TRACE_GetVerboseLevel) refers to stm32_adv_trace.o(.bss.ADV_TRACE_Ctx) for [Anonymous Symbol]
    stm32_adv_trace.o(.ARM.exidx.text.UTIL_ADV_TRACE_GetVerboseLevel) refers to stm32_adv_trace.o(.text.UTIL_ADV_TRACE_GetVerboseLevel) for [Anonymous Symbol]
    stm32_adv_trace.o(.text.UTIL_ADV_TRACE_SetRegion) refers to stm32_adv_trace.o(.bss.ADV_TRACE_Ctx) for [Anonymous Symbol]
    stm32_adv_trace.o(.ARM.exidx.text.UTIL_ADV_TRACE_SetRegion) refers to stm32_adv_trace.o(.text.UTIL_ADV_TRACE_SetRegion) for [Anonymous Symbol]
    stm32_adv_trace.o(.text.UTIL_ADV_TRACE_GetRegion) refers to stm32_adv_trace.o(.bss.ADV_TRACE_Ctx) for [Anonymous Symbol]
    stm32_adv_trace.o(.ARM.exidx.text.UTIL_ADV_TRACE_GetRegion) refers to stm32_adv_trace.o(.text.UTIL_ADV_TRACE_GetRegion) for [Anonymous Symbol]
    stm32_adv_trace.o(.text.UTIL_ADV_TRACE_ResetRegion) refers to stm32_adv_trace.o(.bss.ADV_TRACE_Ctx) for [Anonymous Symbol]
    stm32_adv_trace.o(.ARM.exidx.text.UTIL_ADV_TRACE_ResetRegion) refers to stm32_adv_trace.o(.text.UTIL_ADV_TRACE_ResetRegion) for [Anonymous Symbol]
    stm32_adv_trace.o(.ARM.exidx.text.UTIL_ADV_TRACE_PreSendHook) refers to stm32_adv_trace.o(.text.UTIL_ADV_TRACE_PreSendHook) for [Anonymous Symbol]
    stm32_adv_trace.o(.ARM.exidx.text.UTIL_ADV_TRACE_PostSendHook) refers to stm32_adv_trace.o(.text.UTIL_ADV_TRACE_PostSendHook) for [Anonymous Symbol]
    stm32_lpm.o(.text.UTIL_LPM_Init) refers to stm32_lpm.o(.bss..L_MergedGlobals) for [Anonymous Symbol]
    stm32_lpm.o(.ARM.exidx.text.UTIL_LPM_Init) refers to stm32_lpm.o(.text.UTIL_LPM_Init) for [Anonymous Symbol]
    stm32_lpm.o(.ARM.exidx.text.UTIL_LPM_DeInit) refers to stm32_lpm.o(.text.UTIL_LPM_DeInit) for [Anonymous Symbol]
    stm32_lpm.o(.text.UTIL_LPM_SetStopMode) refers to stm32_lpm.o(.bss..L_MergedGlobals) for [Anonymous Symbol]
    stm32_lpm.o(.ARM.exidx.text.UTIL_LPM_SetStopMode) refers to stm32_lpm.o(.text.UTIL_LPM_SetStopMode) for [Anonymous Symbol]
    stm32_lpm.o(.text.UTIL_LPM_SetOffMode) refers to stm32_lpm.o(.bss..L_MergedGlobals) for [Anonymous Symbol]
    stm32_lpm.o(.ARM.exidx.text.UTIL_LPM_SetOffMode) refers to stm32_lpm.o(.text.UTIL_LPM_SetOffMode) for [Anonymous Symbol]
    stm32_lpm.o(.text.UTIL_LPM_GetMode) refers to stm32_lpm.o(.bss..L_MergedGlobals) for [Anonymous Symbol]
    stm32_lpm.o(.ARM.exidx.text.UTIL_LPM_GetMode) refers to stm32_lpm.o(.text.UTIL_LPM_GetMode) for [Anonymous Symbol]
    stm32_lpm.o(.text.UTIL_LPM_EnterLowPower) refers to stm32_lpm.o(.bss..L_MergedGlobals) for [Anonymous Symbol]
    stm32_lpm.o(.text.UTIL_LPM_EnterLowPower) refers to stm32_lpm_if.o(.rodata.UTIL_PowerDriver) for UTIL_PowerDriver
    stm32_lpm.o(.ARM.exidx.text.UTIL_LPM_EnterLowPower) refers to stm32_lpm.o(.text.UTIL_LPM_EnterLowPower) for [Anonymous Symbol]
    stm32_mem.o(.ARM.exidx.text.UTIL_MEM_cpy_8) refers to stm32_mem.o(.text.UTIL_MEM_cpy_8) for [Anonymous Symbol]
    stm32_mem.o(.ARM.exidx.text.UTIL_MEM_cpyr_8) refers to stm32_mem.o(.text.UTIL_MEM_cpyr_8) for [Anonymous Symbol]
    stm32_mem.o(.ARM.exidx.text.UTIL_MEM_set_8) refers to stm32_mem.o(.text.UTIL_MEM_set_8) for [Anonymous Symbol]
    stm32_seq.o(.text.UTIL_SEQ_Init) refers to stm32_mem.o(.text.UTIL_MEM_set_8) for UTIL_MEM_set_8
    stm32_seq.o(.text.UTIL_SEQ_Init) refers to stm32_seq.o(.bss..L_MergedGlobals.2) for [Anonymous Symbol]
    stm32_seq.o(.text.UTIL_SEQ_Init) refers to stm32_seq.o(.data..L_MergedGlobals) for [Anonymous Symbol]
    stm32_seq.o(.text.UTIL_SEQ_Init) refers to stm32_seq.o(.bss.TaskCb) for [Anonymous Symbol]
    stm32_seq.o(.ARM.exidx.text.UTIL_SEQ_Init) refers to stm32_seq.o(.text.UTIL_SEQ_Init) for [Anonymous Symbol]
    stm32_seq.o(.ARM.exidx.text.UTIL_SEQ_DeInit) refers to stm32_seq.o(.text.UTIL_SEQ_DeInit) for [Anonymous Symbol]
    stm32_seq.o(.text.UTIL_SEQ_Run) refers to stm32_seq.o(.text.SEQ_BitPosition) for SEQ_BitPosition
    stm32_seq.o(.text.UTIL_SEQ_Run) refers to stm32_seq.o(.text.UTIL_SEQ_PreIdle) for UTIL_SEQ_PreIdle
    stm32_seq.o(.text.UTIL_SEQ_Run) refers to sys_app.o(.text.UTIL_SEQ_Idle) for UTIL_SEQ_Idle
    stm32_seq.o(.text.UTIL_SEQ_Run) refers to stm32_seq.o(.text.UTIL_SEQ_PostIdle) for UTIL_SEQ_PostIdle
    stm32_seq.o(.text.UTIL_SEQ_Run) refers to stm32_seq.o(.data..L_MergedGlobals) for [Anonymous Symbol]
    stm32_seq.o(.text.UTIL_SEQ_Run) refers to stm32_seq.o(.bss..L_MergedGlobals.2) for [Anonymous Symbol]
    stm32_seq.o(.text.UTIL_SEQ_Run) refers to stm32_seq.o(.bss.TaskCb) for [Anonymous Symbol]
    stm32_seq.o(.ARM.exidx.text.UTIL_SEQ_Run) refers to stm32_seq.o(.text.UTIL_SEQ_Run) for [Anonymous Symbol]
    stm32_seq.o(.text.SEQ_BitPosition) refers to stm32_seq.o(.rodata.cst16) for [Anonymous Symbol]
    stm32_seq.o(.ARM.exidx.text.SEQ_BitPosition) refers to stm32_seq.o(.text.SEQ_BitPosition) for [Anonymous Symbol]
    stm32_seq.o(.ARM.exidx.text.UTIL_SEQ_PreIdle) refers to stm32_seq.o(.text.UTIL_SEQ_PreIdle) for [Anonymous Symbol]
    stm32_seq.o(.ARM.exidx.text.UTIL_SEQ_Idle) refers to stm32_seq.o(.text.UTIL_SEQ_Idle) for [Anonymous Symbol]
    stm32_seq.o(.ARM.exidx.text.UTIL_SEQ_PostIdle) refers to stm32_seq.o(.text.UTIL_SEQ_PostIdle) for [Anonymous Symbol]
    stm32_seq.o(.text.UTIL_SEQ_RegTask) refers to stm32_seq.o(.text.SEQ_BitPosition) for SEQ_BitPosition
    stm32_seq.o(.text.UTIL_SEQ_RegTask) refers to stm32_seq.o(.bss.TaskCb) for [Anonymous Symbol]
    stm32_seq.o(.ARM.exidx.text.UTIL_SEQ_RegTask) refers to stm32_seq.o(.text.UTIL_SEQ_RegTask) for [Anonymous Symbol]
    stm32_seq.o(.text.UTIL_SEQ_SetTask) refers to stm32_seq.o(.bss..L_MergedGlobals.2) for [Anonymous Symbol]
    stm32_seq.o(.ARM.exidx.text.UTIL_SEQ_SetTask) refers to stm32_seq.o(.text.UTIL_SEQ_SetTask) for [Anonymous Symbol]
    stm32_seq.o(.text.UTIL_SEQ_IsSchedulableTask) refers to stm32_seq.o(.data..L_MergedGlobals) for [Anonymous Symbol]
    stm32_seq.o(.text.UTIL_SEQ_IsSchedulableTask) refers to stm32_seq.o(.bss..L_MergedGlobals.2) for [Anonymous Symbol]
    stm32_seq.o(.ARM.exidx.text.UTIL_SEQ_IsSchedulableTask) refers to stm32_seq.o(.text.UTIL_SEQ_IsSchedulableTask) for [Anonymous Symbol]
    stm32_seq.o(.text.UTIL_SEQ_PauseTask) refers to stm32_seq.o(.data..L_MergedGlobals) for [Anonymous Symbol]
    stm32_seq.o(.ARM.exidx.text.UTIL_SEQ_PauseTask) refers to stm32_seq.o(.text.UTIL_SEQ_PauseTask) for [Anonymous Symbol]
    stm32_seq.o(.text.UTIL_SEQ_IsPauseTask) refers to stm32_seq.o(.data..L_MergedGlobals) for [Anonymous Symbol]
    stm32_seq.o(.ARM.exidx.text.UTIL_SEQ_IsPauseTask) refers to stm32_seq.o(.text.UTIL_SEQ_IsPauseTask) for [Anonymous Symbol]
    stm32_seq.o(.text.UTIL_SEQ_ResumeTask) refers to stm32_seq.o(.data..L_MergedGlobals) for [Anonymous Symbol]
    stm32_seq.o(.ARM.exidx.text.UTIL_SEQ_ResumeTask) refers to stm32_seq.o(.text.UTIL_SEQ_ResumeTask) for [Anonymous Symbol]
    stm32_seq.o(.text.UTIL_SEQ_SetEvt) refers to stm32_seq.o(.bss..L_MergedGlobals.2) for [Anonymous Symbol]
    stm32_seq.o(.ARM.exidx.text.UTIL_SEQ_SetEvt) refers to stm32_seq.o(.text.UTIL_SEQ_SetEvt) for [Anonymous Symbol]
    stm32_seq.o(.text.UTIL_SEQ_ClrEvt) refers to stm32_seq.o(.bss..L_MergedGlobals.2) for [Anonymous Symbol]
    stm32_seq.o(.ARM.exidx.text.UTIL_SEQ_ClrEvt) refers to stm32_seq.o(.text.UTIL_SEQ_ClrEvt) for [Anonymous Symbol]
    stm32_seq.o(.text.UTIL_SEQ_WaitEvt) refers to stm32_seq.o(.text.UTIL_SEQ_EvtIdle) for UTIL_SEQ_EvtIdle
    stm32_seq.o(.text.UTIL_SEQ_WaitEvt) refers to stm32_seq.o(.bss..L_MergedGlobals.2) for [Anonymous Symbol]
    stm32_seq.o(.ARM.exidx.text.UTIL_SEQ_WaitEvt) refers to stm32_seq.o(.text.UTIL_SEQ_WaitEvt) for [Anonymous Symbol]
    stm32_seq.o(.text.UTIL_SEQ_EvtIdle) refers to stm32_seq.o(.text.UTIL_SEQ_Run) for UTIL_SEQ_Run
    stm32_seq.o(.ARM.exidx.text.UTIL_SEQ_EvtIdle) refers to stm32_seq.o(.text.UTIL_SEQ_EvtIdle) for [Anonymous Symbol]
    stm32_seq.o(.text.UTIL_SEQ_IsEvtPend) refers to stm32_seq.o(.bss..L_MergedGlobals.2) for [Anonymous Symbol]
    stm32_seq.o(.ARM.exidx.text.UTIL_SEQ_IsEvtPend) refers to stm32_seq.o(.text.UTIL_SEQ_IsEvtPend) for [Anonymous Symbol]
    stm32_systime.o(.ARM.exidx.text.SysTimeAdd) refers to stm32_systime.o(.text.SysTimeAdd) for [Anonymous Symbol]
    stm32_systime.o(.ARM.exidx.text.SysTimeSub) refers to stm32_systime.o(.text.SysTimeSub) for [Anonymous Symbol]
    stm32_systime.o(.text.SysTimeSet) refers to stm32_systime.o(.text.SysTimeSub) for SysTimeSub
    stm32_systime.o(.text.SysTimeSet) refers to rtc_if.o(.rodata.UTIL_SYSTIMDriver) for UTIL_SYSTIMDriver
    stm32_systime.o(.ARM.exidx.text.SysTimeSet) refers to stm32_systime.o(.text.SysTimeSet) for [Anonymous Symbol]
    stm32_systime.o(.text.SysTimeGet) refers to stm32_systime.o(.text.SysTimeAdd) for SysTimeAdd
    stm32_systime.o(.text.SysTimeGet) refers to rtc_if.o(.rodata.UTIL_SYSTIMDriver) for UTIL_SYSTIMDriver
    stm32_systime.o(.ARM.exidx.text.SysTimeGet) refers to stm32_systime.o(.text.SysTimeGet) for [Anonymous Symbol]
    stm32_systime.o(.text.SysTimeGetMcuTime) refers to rtc_if.o(.rodata.UTIL_SYSTIMDriver) for UTIL_SYSTIMDriver
    stm32_systime.o(.ARM.exidx.text.SysTimeGetMcuTime) refers to stm32_systime.o(.text.SysTimeGetMcuTime) for [Anonymous Symbol]
    stm32_systime.o(.text.SysTimeToMs) refers to stm32_systime.o(.text.SysTimeSub) for SysTimeSub
    stm32_systime.o(.text.SysTimeToMs) refers to rtc_if.o(.rodata.UTIL_SYSTIMDriver) for UTIL_SYSTIMDriver
    stm32_systime.o(.ARM.exidx.text.SysTimeToMs) refers to stm32_systime.o(.text.SysTimeToMs) for [Anonymous Symbol]
    stm32_systime.o(.text.SysTimeFromMs) refers to uidiv_div0.o(.text) for __aeabi_uidiv
    stm32_systime.o(.text.SysTimeFromMs) refers to stm32_systime.o(.text.SysTimeAdd) for SysTimeAdd
    stm32_systime.o(.text.SysTimeFromMs) refers to rtc_if.o(.rodata.UTIL_SYSTIMDriver) for UTIL_SYSTIMDriver
    stm32_systime.o(.ARM.exidx.text.SysTimeFromMs) refers to stm32_systime.o(.text.SysTimeFromMs) for [Anonymous Symbol]
    stm32_systime.o(.text.SysTimeMkTime) refers to stm32_systime.o(.rodata.cst16) for [Anonymous Symbol]
    stm32_systime.o(.ARM.exidx.text.SysTimeMkTime) refers to stm32_systime.o(.text.SysTimeMkTime) for [Anonymous Symbol]
    stm32_systime.o(.text.SysTimeLocalTime) refers to stm32_systime.o(.text.CalendarDiv60) for CalendarDiv60
    stm32_systime.o(.text.SysTimeLocalTime) refers to stm32_systime.o(.text.CalendarDiv61) for CalendarDiv61
    stm32_systime.o(.text.SysTimeLocalTime) refers to stm32_systime.o(.rodata.cst16) for [Anonymous Symbol]
    stm32_systime.o(.ARM.exidx.text.SysTimeLocalTime) refers to stm32_systime.o(.text.SysTimeLocalTime) for [Anonymous Symbol]
    stm32_systime.o(.ARM.exidx.text.CalendarDiv60) refers to stm32_systime.o(.text.CalendarDiv60) for [Anonymous Symbol]
    stm32_systime.o(.ARM.exidx.text.CalendarDiv61) refers to stm32_systime.o(.text.CalendarDiv61) for [Anonymous Symbol]
    stm32_systime.o(.data.WeekDayString) refers to stm32_systime.o(.rodata.str1.1) for [Anonymous Symbol]
    stm32_timer.o(.text.UTIL_TIMER_Init) refers to stm32_timer.o(.bss.TimerListHead) for [Anonymous Symbol]
    stm32_timer.o(.text.UTIL_TIMER_Init) refers to rtc_if.o(.rodata.UTIL_TimerDriver) for UTIL_TimerDriver
    stm32_timer.o(.ARM.exidx.text.UTIL_TIMER_Init) refers to stm32_timer.o(.text.UTIL_TIMER_Init) for [Anonymous Symbol]
    stm32_timer.o(.text.UTIL_TIMER_DeInit) refers to rtc_if.o(.rodata.UTIL_TimerDriver) for UTIL_TimerDriver
    stm32_timer.o(.ARM.exidx.text.UTIL_TIMER_DeInit) refers to stm32_timer.o(.text.UTIL_TIMER_DeInit) for [Anonymous Symbol]
    stm32_timer.o(.text.UTIL_TIMER_Create) refers to rtc_if.o(.rodata.UTIL_TimerDriver) for UTIL_TimerDriver
    stm32_timer.o(.ARM.exidx.text.UTIL_TIMER_Create) refers to stm32_timer.o(.text.UTIL_TIMER_Create) for [Anonymous Symbol]
    stm32_timer.o(.text.UTIL_TIMER_Start) refers to stm32_timer.o(.text.TimerExists) for TimerExists
    stm32_timer.o(.text.UTIL_TIMER_Start) refers to stm32_timer.o(.text.TimerInsertTimer) for TimerInsertTimer
    stm32_timer.o(.text.UTIL_TIMER_Start) refers to stm32_timer.o(.text.TimerInsertNewHeadTimer) for TimerInsertNewHeadTimer
    stm32_timer.o(.text.UTIL_TIMER_Start) refers to rtc_if.o(.rodata.UTIL_TimerDriver) for UTIL_TimerDriver
    stm32_timer.o(.text.UTIL_TIMER_Start) refers to stm32_timer.o(.bss.TimerListHead) for [Anonymous Symbol]
    stm32_timer.o(.ARM.exidx.text.UTIL_TIMER_Start) refers to stm32_timer.o(.text.UTIL_TIMER_Start) for [Anonymous Symbol]
    stm32_timer.o(.text.TimerExists) refers to stm32_timer.o(.bss.TimerListHead) for [Anonymous Symbol]
    stm32_timer.o(.ARM.exidx.text.TimerExists) refers to stm32_timer.o(.text.TimerExists) for [Anonymous Symbol]
    stm32_timer.o(.text.TimerInsertNewHeadTimer) refers to stm32_timer.o(.text.TimerSetTimeout) for TimerSetTimeout
    stm32_timer.o(.text.TimerInsertNewHeadTimer) refers to stm32_timer.o(.bss.TimerListHead) for [Anonymous Symbol]
    stm32_timer.o(.ARM.exidx.text.TimerInsertNewHeadTimer) refers to stm32_timer.o(.text.TimerInsertNewHeadTimer) for [Anonymous Symbol]
    stm32_timer.o(.text.TimerInsertTimer) refers to stm32_timer.o(.bss.TimerListHead) for [Anonymous Symbol]
    stm32_timer.o(.ARM.exidx.text.TimerInsertTimer) refers to stm32_timer.o(.text.TimerInsertTimer) for [Anonymous Symbol]
    stm32_timer.o(.text.UTIL_TIMER_StartWithPeriod) refers to stm32_timer.o(.text.TimerExists) for TimerExists
    stm32_timer.o(.text.UTIL_TIMER_StartWithPeriod) refers to stm32_timer.o(.text.UTIL_TIMER_Stop) for UTIL_TIMER_Stop
    stm32_timer.o(.text.UTIL_TIMER_StartWithPeriod) refers to stm32_timer.o(.text.UTIL_TIMER_Start) for UTIL_TIMER_Start
    stm32_timer.o(.text.UTIL_TIMER_StartWithPeriod) refers to rtc_if.o(.rodata.UTIL_TimerDriver) for UTIL_TimerDriver
    stm32_timer.o(.ARM.exidx.text.UTIL_TIMER_StartWithPeriod) refers to stm32_timer.o(.text.UTIL_TIMER_StartWithPeriod) for [Anonymous Symbol]
    stm32_timer.o(.text.UTIL_TIMER_Stop) refers to stm32_timer.o(.text.TimerSetTimeout) for TimerSetTimeout
    stm32_timer.o(.text.UTIL_TIMER_Stop) refers to stm32_timer.o(.bss.TimerListHead) for [Anonymous Symbol]
    stm32_timer.o(.text.UTIL_TIMER_Stop) refers to rtc_if.o(.rodata.UTIL_TimerDriver) for UTIL_TimerDriver
    stm32_timer.o(.ARM.exidx.text.UTIL_TIMER_Stop) refers to stm32_timer.o(.text.UTIL_TIMER_Stop) for [Anonymous Symbol]
    stm32_timer.o(.text.TimerSetTimeout) refers to rtc_if.o(.rodata.UTIL_TimerDriver) for UTIL_TimerDriver
    stm32_timer.o(.ARM.exidx.text.TimerSetTimeout) refers to stm32_timer.o(.text.TimerSetTimeout) for [Anonymous Symbol]
    stm32_timer.o(.text.UTIL_TIMER_SetPeriod) refers to stm32_timer.o(.text.TimerExists) for TimerExists
    stm32_timer.o(.text.UTIL_TIMER_SetPeriod) refers to stm32_timer.o(.text.UTIL_TIMER_Stop) for UTIL_TIMER_Stop
    stm32_timer.o(.text.UTIL_TIMER_SetPeriod) refers to stm32_timer.o(.text.UTIL_TIMER_Start) for UTIL_TIMER_Start
    stm32_timer.o(.text.UTIL_TIMER_SetPeriod) refers to rtc_if.o(.rodata.UTIL_TimerDriver) for UTIL_TimerDriver
    stm32_timer.o(.ARM.exidx.text.UTIL_TIMER_SetPeriod) refers to stm32_timer.o(.text.UTIL_TIMER_SetPeriod) for [Anonymous Symbol]
    stm32_timer.o(.ARM.exidx.text.UTIL_TIMER_SetReloadMode) refers to stm32_timer.o(.text.UTIL_TIMER_SetReloadMode) for [Anonymous Symbol]
    stm32_timer.o(.text.UTIL_TIMER_GetRemainingTime) refers to stm32_timer.o(.text.TimerExists) for TimerExists
    stm32_timer.o(.text.UTIL_TIMER_GetRemainingTime) refers to rtc_if.o(.rodata.UTIL_TimerDriver) for UTIL_TimerDriver
    stm32_timer.o(.ARM.exidx.text.UTIL_TIMER_GetRemainingTime) refers to stm32_timer.o(.text.UTIL_TIMER_GetRemainingTime) for [Anonymous Symbol]
    stm32_timer.o(.ARM.exidx.text.UTIL_TIMER_IsRunning) refers to stm32_timer.o(.text.UTIL_TIMER_IsRunning) for [Anonymous Symbol]
    stm32_timer.o(.text.UTIL_TIMER_GetFirstRemainingTime) refers to stm32_timer.o(.text.UTIL_TIMER_GetRemainingTime) for UTIL_TIMER_GetRemainingTime
    stm32_timer.o(.text.UTIL_TIMER_GetFirstRemainingTime) refers to stm32_timer.o(.bss.TimerListHead) for [Anonymous Symbol]
    stm32_timer.o(.ARM.exidx.text.UTIL_TIMER_GetFirstRemainingTime) refers to stm32_timer.o(.text.UTIL_TIMER_GetFirstRemainingTime) for [Anonymous Symbol]
    stm32_timer.o(.text.UTIL_TIMER_IRQ_Handler) refers to stm32_timer.o(.text.UTIL_TIMER_Start) for UTIL_TIMER_Start
    stm32_timer.o(.text.UTIL_TIMER_IRQ_Handler) refers to stm32_timer.o(.text.TimerSetTimeout) for TimerSetTimeout
    stm32_timer.o(.text.UTIL_TIMER_IRQ_Handler) refers to rtc_if.o(.rodata.UTIL_TimerDriver) for UTIL_TimerDriver
    stm32_timer.o(.text.UTIL_TIMER_IRQ_Handler) refers to stm32_timer.o(.bss.TimerListHead) for [Anonymous Symbol]
    stm32_timer.o(.ARM.exidx.text.UTIL_TIMER_IRQ_Handler) refers to stm32_timer.o(.text.UTIL_TIMER_IRQ_Handler) for [Anonymous Symbol]
    stm32_timer.o(.text.UTIL_TIMER_GetCurrentTime) refers to rtc_if.o(.rodata.UTIL_TimerDriver) for UTIL_TimerDriver
    stm32_timer.o(.ARM.exidx.text.UTIL_TIMER_GetCurrentTime) refers to stm32_timer.o(.text.UTIL_TIMER_GetCurrentTime) for [Anonymous Symbol]
    stm32_timer.o(.text.UTIL_TIMER_GetElapsedTime) refers to rtc_if.o(.rodata.UTIL_TimerDriver) for UTIL_TimerDriver
    stm32_timer.o(.ARM.exidx.text.UTIL_TIMER_GetElapsedTime) refers to stm32_timer.o(.text.UTIL_TIMER_GetElapsedTime) for [Anonymous Symbol]
    stm32_tiny_vsnprintf.o(.text.tiny_vsnprintf_like) refers to strlen.o(.text) for strlen
    stm32_tiny_vsnprintf.o(.text.tiny_vsnprintf_like) refers to uidiv_div0.o(.text) for __aeabi_uidiv
    stm32_tiny_vsnprintf.o(.text.tiny_vsnprintf_like) refers to stm32_tiny_vsnprintf.o(.rodata.str1.1) for [Anonymous Symbol]
    stm32_tiny_vsnprintf.o(.ARM.exidx.text.tiny_vsnprintf_like) refers to stm32_tiny_vsnprintf.o(.text.tiny_vsnprintf_like) for [Anonymous Symbol]
    floorf.o(i.__softfp_floorf) refers (Special) to iusefp.o(.text) for __I$use$fp
    floorf.o(i.__softfp_floorf) refers to fadd.o(.text) for __aeabi_fadd
    floorf.o(i.floorf) refers (Special) to iusefp.o(.text) for __I$use$fp
    floorf.o(i.floorf) refers to fadd.o(.text) for __aeabi_fadd
    fminf.o(i.fminf) refers (Special) to iusefp.o(.text) for __I$use$fp
    fminf.o(i.fminf) refers to fcmp4.o(.text) for __ARM_fcmp4
    entry.o(.ARM.Collect$$$$00000000) refers (Special) to entry10a.o(.ARM.Collect$$$$0000000D) for __rt_final_cpp
    entry.o(.ARM.Collect$$$$00000000) refers (Special) to entry11a.o(.ARM.Collect$$$$0000000F) for __rt_final_exit
    entry.o(.ARM.Collect$$$$00000000) refers (Special) to entry7b.o(.ARM.Collect$$$$00000008) for _main_clock
    entry.o(.ARM.Collect$$$$00000000) refers (Special) to entry8b.o(.ARM.Collect$$$$0000000A) for _main_cpp_init
    entry.o(.ARM.Collect$$$$00000000) refers (Special) to entry9a.o(.ARM.Collect$$$$0000000B) for _main_init
    entry.o(.ARM.Collect$$$$00000000) refers (Special) to entry5.o(.ARM.Collect$$$$00000004) for _main_scatterload
    entry.o(.ARM.Collect$$$$00000000) refers (Special) to entry2.o(.ARM.Collect$$$$00000001) for _main_stk
    idiv.o(.text) refers to uidiv_div0.o(.text) for __aeabi_uidivmod
    uldiv.o(.text) refers to llushr.o(.text) for __aeabi_llsr
    uldiv.o(.text) refers to llshl.o(.text) for __aeabi_llsl
    printfb.o(i.__0fprintf$bare) refers to printfb.o(i._printf_core) for _printf_core
    printfb.o(i.__0fprintf$bare) refers to fputc.o(i.fputc) for fputc
    printfb.o(i.__0printf$bare) refers to printfb.o(i._printf_core) for _printf_core
    printfb.o(i.__0printf$bare) refers to fputc.o(i.fputc) for fputc
    printfb.o(i.__0printf$bare) refers to stdout.o(.data) for __stdout
    printfb.o(i.__0snprintf$bare) refers to printfb.o(i._printf_core) for _printf_core
    printfb.o(i.__0snprintf$bare) refers to printfb.o(i._snputc) for _snputc
    printfb.o(i.__0sprintf$bare) refers to printfb.o(i._printf_core) for _printf_core
    printfb.o(i.__0sprintf$bare) refers to printfb.o(i._sputc) for _sputc
    printfb.o(i.__0vfprintf$bare) refers to printfb.o(i._printf_core) for _printf_core
    printfb.o(i.__0vfprintf$bare) refers to fputc.o(i.fputc) for fputc
    printfb.o(i.__0vprintf$bare) refers to printfb.o(i._printf_core) for _printf_core
    printfb.o(i.__0vprintf$bare) refers to fputc.o(i.fputc) for fputc
    printfb.o(i.__0vprintf$bare) refers to stdout.o(.data) for __stdout
    printfb.o(i.__0vsnprintf$bare) refers to printfb.o(i._printf_core) for _printf_core
    printfb.o(i.__0vsnprintf$bare) refers to printfb.o(i._snputc) for _snputc
    printfb.o(i.__0vsprintf$bare) refers to printfb.o(i._printf_core) for _printf_core
    printfb.o(i.__0vsprintf$bare) refers to printfb.o(i._sputc) for _sputc
    printf0.o(i.__0fprintf$0) refers to printf0.o(i._printf_core) for _printf_core
    printf0.o(i.__0fprintf$0) refers to fputc.o(i.fputc) for fputc
    printf0.o(i.__0printf$0) refers to printf0.o(i._printf_core) for _printf_core
    printf0.o(i.__0printf$0) refers to fputc.o(i.fputc) for fputc
    printf0.o(i.__0printf$0) refers to stdout.o(.data) for __stdout
    printf0.o(i.__0snprintf$0) refers to printf0.o(i._printf_core) for _printf_core
    printf0.o(i.__0snprintf$0) refers to printf0.o(i._snputc) for _snputc
    printf0.o(i.__0sprintf$0) refers to printf0.o(i._printf_core) for _printf_core
    printf0.o(i.__0sprintf$0) refers to printf0.o(i._sputc) for _sputc
    printf0.o(i.__0vfprintf$0) refers to printf0.o(i._printf_core) for _printf_core
    printf0.o(i.__0vfprintf$0) refers to fputc.o(i.fputc) for fputc
    printf0.o(i.__0vprintf$0) refers to printf0.o(i._printf_core) for _printf_core
    printf0.o(i.__0vprintf$0) refers to fputc.o(i.fputc) for fputc
    printf0.o(i.__0vprintf$0) refers to stdout.o(.data) for __stdout
    printf0.o(i.__0vsnprintf$0) refers to printf0.o(i._printf_core) for _printf_core
    printf0.o(i.__0vsnprintf$0) refers to printf0.o(i._snputc) for _snputc
    printf0.o(i.__0vsprintf$0) refers to printf0.o(i._printf_core) for _printf_core
    printf0.o(i.__0vsprintf$0) refers to printf0.o(i._sputc) for _sputc
    printf1.o(i.__0fprintf$1) refers to printf1.o(i._printf_core) for _printf_core
    printf1.o(i.__0fprintf$1) refers to fputc.o(i.fputc) for fputc
    printf1.o(i.__0printf$1) refers to printf1.o(i._printf_core) for _printf_core
    printf1.o(i.__0printf$1) refers to fputc.o(i.fputc) for fputc
    printf1.o(i.__0printf$1) refers to stdout.o(.data) for __stdout
    printf1.o(i.__0snprintf$1) refers to printf1.o(i._printf_core) for _printf_core
    printf1.o(i.__0snprintf$1) refers to printf1.o(i._snputc) for _snputc
    printf1.o(i.__0sprintf$1) refers to printf1.o(i._printf_core) for _printf_core
    printf1.o(i.__0sprintf$1) refers to printf1.o(i._sputc) for _sputc
    printf1.o(i.__0vfprintf$1) refers to printf1.o(i._printf_core) for _printf_core
    printf1.o(i.__0vfprintf$1) refers to fputc.o(i.fputc) for fputc
    printf1.o(i.__0vprintf$1) refers to printf1.o(i._printf_core) for _printf_core
    printf1.o(i.__0vprintf$1) refers to fputc.o(i.fputc) for fputc
    printf1.o(i.__0vprintf$1) refers to stdout.o(.data) for __stdout
    printf1.o(i.__0vsnprintf$1) refers to printf1.o(i._printf_core) for _printf_core
    printf1.o(i.__0vsnprintf$1) refers to printf1.o(i._snputc) for _snputc
    printf1.o(i.__0vsprintf$1) refers to printf1.o(i._printf_core) for _printf_core
    printf1.o(i.__0vsprintf$1) refers to printf1.o(i._sputc) for _sputc
    printf1.o(i._printf_core) refers to uidiv_div0.o(.text) for __aeabi_uidivmod
    printf2.o(i.__0fprintf$2) refers to printf2.o(i._printf_core) for _printf_core
    printf2.o(i.__0fprintf$2) refers to fputc.o(i.fputc) for fputc
    printf2.o(i.__0printf$2) refers to printf2.o(i._printf_core) for _printf_core
    printf2.o(i.__0printf$2) refers to fputc.o(i.fputc) for fputc
    printf2.o(i.__0printf$2) refers to stdout.o(.data) for __stdout
    printf2.o(i.__0snprintf$2) refers to printf2.o(i._printf_core) for _printf_core
    printf2.o(i.__0snprintf$2) refers to printf2.o(i._snputc) for _snputc
    printf2.o(i.__0sprintf$2) refers to printf2.o(i._printf_core) for _printf_core
    printf2.o(i.__0sprintf$2) refers to printf2.o(i._sputc) for _sputc
    printf2.o(i.__0vfprintf$2) refers to printf2.o(i._printf_core) for _printf_core
    printf2.o(i.__0vfprintf$2) refers to fputc.o(i.fputc) for fputc
    printf2.o(i.__0vprintf$2) refers to printf2.o(i._printf_core) for _printf_core
    printf2.o(i.__0vprintf$2) refers to fputc.o(i.fputc) for fputc
    printf2.o(i.__0vprintf$2) refers to stdout.o(.data) for __stdout
    printf2.o(i.__0vsnprintf$2) refers to printf2.o(i._printf_core) for _printf_core
    printf2.o(i.__0vsnprintf$2) refers to printf2.o(i._snputc) for _snputc
    printf2.o(i.__0vsprintf$2) refers to printf2.o(i._printf_core) for _printf_core
    printf2.o(i.__0vsprintf$2) refers to printf2.o(i._sputc) for _sputc
    printf3.o(i.__0fprintf$3) refers to printf3.o(i._printf_core) for _printf_core
    printf3.o(i.__0fprintf$3) refers to fputc.o(i.fputc) for fputc
    printf3.o(i.__0printf$3) refers to printf3.o(i._printf_core) for _printf_core
    printf3.o(i.__0printf$3) refers to fputc.o(i.fputc) for fputc
    printf3.o(i.__0printf$3) refers to stdout.o(.data) for __stdout
    printf3.o(i.__0snprintf$3) refers to printf3.o(i._printf_core) for _printf_core
    printf3.o(i.__0snprintf$3) refers to printf3.o(i._snputc) for _snputc
    printf3.o(i.__0sprintf$3) refers to printf3.o(i._printf_core) for _printf_core
    printf3.o(i.__0sprintf$3) refers to printf3.o(i._sputc) for _sputc
    printf3.o(i.__0vfprintf$3) refers to printf3.o(i._printf_core) for _printf_core
    printf3.o(i.__0vfprintf$3) refers to fputc.o(i.fputc) for fputc
    printf3.o(i.__0vprintf$3) refers to printf3.o(i._printf_core) for _printf_core
    printf3.o(i.__0vprintf$3) refers to fputc.o(i.fputc) for fputc
    printf3.o(i.__0vprintf$3) refers to stdout.o(.data) for __stdout
    printf3.o(i.__0vsnprintf$3) refers to printf3.o(i._printf_core) for _printf_core
    printf3.o(i.__0vsnprintf$3) refers to printf3.o(i._snputc) for _snputc
    printf3.o(i.__0vsprintf$3) refers to printf3.o(i._printf_core) for _printf_core
    printf3.o(i.__0vsprintf$3) refers to printf3.o(i._sputc) for _sputc
    printf3.o(i._printf_core) refers to uidiv_div0.o(.text) for __aeabi_uidivmod
    printf4.o(i.__0fprintf$4) refers to printf4.o(i._printf_core) for _printf_core
    printf4.o(i.__0fprintf$4) refers to fputc.o(i.fputc) for fputc
    printf4.o(i.__0printf$4) refers to printf4.o(i._printf_core) for _printf_core
    printf4.o(i.__0printf$4) refers to fputc.o(i.fputc) for fputc
    printf4.o(i.__0printf$4) refers to stdout.o(.data) for __stdout
    printf4.o(i.__0snprintf$4) refers to printf4.o(i._printf_core) for _printf_core
    printf4.o(i.__0snprintf$4) refers to printf4.o(i._snputc) for _snputc
    printf4.o(i.__0sprintf$4) refers to printf4.o(i._printf_core) for _printf_core
    printf4.o(i.__0sprintf$4) refers to printf4.o(i._sputc) for _sputc
    printf4.o(i.__0vfprintf$4) refers to printf4.o(i._printf_core) for _printf_core
    printf4.o(i.__0vfprintf$4) refers to fputc.o(i.fputc) for fputc
    printf4.o(i.__0vprintf$4) refers to printf4.o(i._printf_core) for _printf_core
    printf4.o(i.__0vprintf$4) refers to fputc.o(i.fputc) for fputc
    printf4.o(i.__0vprintf$4) refers to stdout.o(.data) for __stdout
    printf4.o(i.__0vsnprintf$4) refers to printf4.o(i._printf_core) for _printf_core
    printf4.o(i.__0vsnprintf$4) refers to printf4.o(i._snputc) for _snputc
    printf4.o(i.__0vsprintf$4) refers to printf4.o(i._printf_core) for _printf_core
    printf4.o(i.__0vsprintf$4) refers to printf4.o(i._sputc) for _sputc
    printf4.o(i._printf_core) refers to uldiv.o(.text) for __aeabi_uldivmod
    printf5.o(i.__0fprintf$5) refers to printf5.o(i._printf_core) for _printf_core
    printf5.o(i.__0fprintf$5) refers to fputc.o(i.fputc) for fputc
    printf5.o(i.__0printf$5) refers to printf5.o(i._printf_core) for _printf_core
    printf5.o(i.__0printf$5) refers to fputc.o(i.fputc) for fputc
    printf5.o(i.__0printf$5) refers to stdout.o(.data) for __stdout
    printf5.o(i.__0snprintf$5) refers to printf5.o(i._printf_core) for _printf_core
    printf5.o(i.__0snprintf$5) refers to printf5.o(i._snputc) for _snputc
    printf5.o(i.__0sprintf$5) refers to printf5.o(i._printf_core) for _printf_core
    printf5.o(i.__0sprintf$5) refers to printf5.o(i._sputc) for _sputc
    printf5.o(i.__0vfprintf$5) refers to printf5.o(i._printf_core) for _printf_core
    printf5.o(i.__0vfprintf$5) refers to fputc.o(i.fputc) for fputc
    printf5.o(i.__0vprintf$5) refers to printf5.o(i._printf_core) for _printf_core
    printf5.o(i.__0vprintf$5) refers to fputc.o(i.fputc) for fputc
    printf5.o(i.__0vprintf$5) refers to stdout.o(.data) for __stdout
    printf5.o(i.__0vsnprintf$5) refers to printf5.o(i._printf_core) for _printf_core
    printf5.o(i.__0vsnprintf$5) refers to printf5.o(i._snputc) for _snputc
    printf5.o(i.__0vsprintf$5) refers to printf5.o(i._printf_core) for _printf_core
    printf5.o(i.__0vsprintf$5) refers to printf5.o(i._sputc) for _sputc
    printf5.o(i._printf_core) refers to uldiv.o(.text) for __aeabi_uldivmod
    printf6.o(i.__0fprintf$6) refers to printf6.o(i._printf_core) for _printf_core
    printf6.o(i.__0fprintf$6) refers to fputc.o(i.fputc) for fputc
    printf6.o(i.__0printf$6) refers to printf6.o(i._printf_core) for _printf_core
    printf6.o(i.__0printf$6) refers to fputc.o(i.fputc) for fputc
    printf6.o(i.__0printf$6) refers to stdout.o(.data) for __stdout
    printf6.o(i.__0snprintf$6) refers to printf6.o(i._printf_core) for _printf_core
    printf6.o(i.__0snprintf$6) refers to printf6.o(i._snputc) for _snputc
    printf6.o(i.__0sprintf$6) refers to printf6.o(i._printf_core) for _printf_core
    printf6.o(i.__0sprintf$6) refers to printf6.o(i._sputc) for _sputc
    printf6.o(i.__0vfprintf$6) refers to printf6.o(i._printf_core) for _printf_core
    printf6.o(i.__0vfprintf$6) refers to fputc.o(i.fputc) for fputc
    printf6.o(i.__0vprintf$6) refers to printf6.o(i._printf_core) for _printf_core
    printf6.o(i.__0vprintf$6) refers to fputc.o(i.fputc) for fputc
    printf6.o(i.__0vprintf$6) refers to stdout.o(.data) for __stdout
    printf6.o(i.__0vsnprintf$6) refers to printf6.o(i._printf_core) for _printf_core
    printf6.o(i.__0vsnprintf$6) refers to printf6.o(i._snputc) for _snputc
    printf6.o(i.__0vsprintf$6) refers to printf6.o(i._printf_core) for _printf_core
    printf6.o(i.__0vsprintf$6) refers to printf6.o(i._sputc) for _sputc
    printf6.o(i._printf_core) refers to printf6.o(i._printf_pre_padding) for _printf_pre_padding
    printf6.o(i._printf_core) refers to printf6.o(i._printf_post_padding) for _printf_post_padding
    printf6.o(i._printf_core) refers to uidiv_div0.o(.text) for __aeabi_uidivmod
    printf7.o(i.__0fprintf$7) refers to printf7.o(i._printf_core) for _printf_core
    printf7.o(i.__0fprintf$7) refers to fputc.o(i.fputc) for fputc
    printf7.o(i.__0printf$7) refers to printf7.o(i._printf_core) for _printf_core
    printf7.o(i.__0printf$7) refers to fputc.o(i.fputc) for fputc
    printf7.o(i.__0printf$7) refers to stdout.o(.data) for __stdout
    printf7.o(i.__0snprintf$7) refers to printf7.o(i._printf_core) for _printf_core
    printf7.o(i.__0snprintf$7) refers to printf7.o(i._snputc) for _snputc
    printf7.o(i.__0sprintf$7) refers to printf7.o(i._printf_core) for _printf_core
    printf7.o(i.__0sprintf$7) refers to printf7.o(i._sputc) for _sputc
    printf7.o(i.__0vfprintf$7) refers to printf7.o(i._printf_core) for _printf_core
    printf7.o(i.__0vfprintf$7) refers to fputc.o(i.fputc) for fputc
    printf7.o(i.__0vprintf$7) refers to printf7.o(i._printf_core) for _printf_core
    printf7.o(i.__0vprintf$7) refers to fputc.o(i.fputc) for fputc
    printf7.o(i.__0vprintf$7) refers to stdout.o(.data) for __stdout
    printf7.o(i.__0vsnprintf$7) refers to printf7.o(i._printf_core) for _printf_core
    printf7.o(i.__0vsnprintf$7) refers to printf7.o(i._snputc) for _snputc
    printf7.o(i.__0vsprintf$7) refers to printf7.o(i._printf_core) for _printf_core
    printf7.o(i.__0vsprintf$7) refers to printf7.o(i._sputc) for _sputc
    printf7.o(i._printf_core) refers to printf7.o(i._printf_pre_padding) for _printf_pre_padding
    printf7.o(i._printf_core) refers to printf7.o(i._printf_post_padding) for _printf_post_padding
    printf7.o(i._printf_core) refers to uldiv.o(.text) for __aeabi_uldivmod
    printf8.o(i.__0fprintf$8) refers to printf8.o(i._printf_core) for _printf_core
    printf8.o(i.__0fprintf$8) refers to fputc.o(i.fputc) for fputc
    printf8.o(i.__0printf$8) refers to printf8.o(i._printf_core) for _printf_core
    printf8.o(i.__0printf$8) refers to fputc.o(i.fputc) for fputc
    printf8.o(i.__0printf$8) refers to stdout.o(.data) for __stdout
    printf8.o(i.__0snprintf$8) refers to printf8.o(i._printf_core) for _printf_core
    printf8.o(i.__0snprintf$8) refers to printf8.o(i._snputc) for _snputc
    printf8.o(i.__0sprintf$8) refers to printf8.o(i._printf_core) for _printf_core
    printf8.o(i.__0sprintf$8) refers to printf8.o(i._sputc) for _sputc
    printf8.o(i.__0vfprintf$8) refers to printf8.o(i._printf_core) for _printf_core
    printf8.o(i.__0vfprintf$8) refers to fputc.o(i.fputc) for fputc
    printf8.o(i.__0vprintf$8) refers to printf8.o(i._printf_core) for _printf_core
    printf8.o(i.__0vprintf$8) refers to fputc.o(i.fputc) for fputc
    printf8.o(i.__0vprintf$8) refers to stdout.o(.data) for __stdout
    printf8.o(i.__0vsnprintf$8) refers to printf8.o(i._printf_core) for _printf_core
    printf8.o(i.__0vsnprintf$8) refers to printf8.o(i._snputc) for _snputc
    printf8.o(i.__0vsprintf$8) refers to printf8.o(i._printf_core) for _printf_core
    printf8.o(i.__0vsprintf$8) refers to printf8.o(i._sputc) for _sputc
    printf8.o(i._printf_core) refers to printf8.o(i._printf_pre_padding) for _printf_pre_padding
    printf8.o(i._printf_core) refers to printf8.o(i._printf_post_padding) for _printf_post_padding
    printf8.o(i._printf_core) refers to uldiv.o(.text) for __aeabi_uldivmod
    printfa.o(i.__0fprintf) refers (Special) to iusefp.o(.text) for __I$use$fp
    printfa.o(i.__0fprintf) refers to printfa.o(i._printf_core) for _printf_core
    printfa.o(i.__0fprintf) refers to fputc.o(i.fputc) for fputc
    printfa.o(i.__0printf) refers (Special) to iusefp.o(.text) for __I$use$fp
    printfa.o(i.__0printf) refers to printfa.o(i._printf_core) for _printf_core
    printfa.o(i.__0printf) refers to fputc.o(i.fputc) for fputc
    printfa.o(i.__0printf) refers to stdout.o(.data) for __stdout
    printfa.o(i.__0snprintf) refers (Special) to iusefp.o(.text) for __I$use$fp
    printfa.o(i.__0snprintf) refers to printfa.o(i._printf_core) for _printf_core
    printfa.o(i.__0snprintf) refers to printfa.o(i._snputc) for _snputc
    printfa.o(i.__0sprintf) refers (Special) to iusefp.o(.text) for __I$use$fp
    printfa.o(i.__0sprintf) refers to printfa.o(i._printf_core) for _printf_core
    printfa.o(i.__0sprintf) refers to printfa.o(i._sputc) for _sputc
    printfa.o(i.__0vfprintf) refers (Special) to iusefp.o(.text) for __I$use$fp
    printfa.o(i.__0vfprintf) refers to printfa.o(i._printf_core) for _printf_core
    printfa.o(i.__0vfprintf) refers to fputc.o(i.fputc) for fputc
    printfa.o(i.__0vprintf) refers (Special) to iusefp.o(.text) for __I$use$fp
    printfa.o(i.__0vprintf) refers to printfa.o(i._printf_core) for _printf_core
    printfa.o(i.__0vprintf) refers to fputc.o(i.fputc) for fputc
    printfa.o(i.__0vprintf) refers to stdout.o(.data) for __stdout
    printfa.o(i.__0vsnprintf) refers (Special) to iusefp.o(.text) for __I$use$fp
    printfa.o(i.__0vsnprintf) refers to printfa.o(i._printf_core) for _printf_core
    printfa.o(i.__0vsnprintf) refers to printfa.o(i._snputc) for _snputc
    printfa.o(i.__0vsprintf) refers (Special) to iusefp.o(.text) for __I$use$fp
    printfa.o(i.__0vsprintf) refers to printfa.o(i._printf_core) for _printf_core
    printfa.o(i.__0vsprintf) refers to printfa.o(i._sputc) for _sputc
    printfa.o(i._fp_digits) refers (Special) to iusefp.o(.text) for __I$use$fp
    printfa.o(i._fp_digits) refers to dmul.o(.text) for __aeabi_dmul
    printfa.o(i._fp_digits) refers to ddiv.o(.text) for __aeabi_ddiv
    printfa.o(i._fp_digits) refers to cdrcmple.o(.text) for __aeabi_cdrcmple
    printfa.o(i._fp_digits) refers to dadd.o(.text) for __aeabi_dadd
    printfa.o(i._fp_digits) refers to dfixul.o(.text) for __aeabi_d2ulz
    printfa.o(i._fp_digits) refers to uldiv.o(.text) for __aeabi_uldivmod
    printfa.o(i._printf_core) refers (Special) to iusefp.o(.text) for __I$use$fp
    printfa.o(i._printf_core) refers to printfa.o(i._printf_pre_padding) for _printf_pre_padding
    printfa.o(i._printf_core) refers to uldiv.o(.text) for __aeabi_uldivmod
    printfa.o(i._printf_core) refers to printfa.o(i._printf_post_padding) for _printf_post_padding
    printfa.o(i._printf_core) refers to printfa.o(i._fp_digits) for _fp_digits
    printfa.o(i._printf_core) refers to uidiv_div0.o(.text) for __aeabi_uidivmod
    printfa.o(i._printf_post_padding) refers (Special) to iusefp.o(.text) for __I$use$fp
    printfa.o(i._printf_pre_padding) refers (Special) to iusefp.o(.text) for __I$use$fp
    printfa.o(i._snputc) refers (Special) to iusefp.o(.text) for __I$use$fp
    printfa.o(i._sputc) refers (Special) to iusefp.o(.text) for __I$use$fp
    fadd.o(.text) refers (Special) to iusefp.o(.text) for __I$use$fp
    fadd.o(.text) refers to fepilogue.o(.text) for _float_epilogue
    fmul.o(.text) refers (Special) to iusefp.o(.text) for __I$use$fp
    fdiv.o(.text) refers (Special) to iusefp.o(.text) for __I$use$fp
    fdiv.o(.text) refers to fepilogue.o(.text) for _float_round
    dmul.o(.text) refers (Special) to iusefp.o(.text) for __I$use$fp
    dmul.o(.text) refers to depilogue.o(.text) for _double_epilogue
    ddiv.o(.text) refers (Special) to iusefp.o(.text) for __I$use$fp
    ddiv.o(.text) refers to depilogue.o(.text) for _double_round
    fcmple.o(.text) refers (Special) to iusefp.o(.text) for __I$use$fp
    fcmplt.o(.text) refers (Special) to iusefp.o(.text) for __I$use$fp
    fcmpgt.o(.text) refers (Special) to iusefp.o(.text) for __I$use$fp
    fflti.o(.text) refers (Special) to iusefp.o(.text) for __I$use$fp
    fflti.o(.text) refers to fepilogue.o(.text) for _float_epilogue
    ffltui.o(.text) refers (Special) to iusefp.o(.text) for __I$use$fp
    ffltui.o(.text) refers to fepilogue.o(.text) for _float_epilogue
    dflti.o(.text) refers (Special) to iusefp.o(.text) for __I$use$fp
    dflti.o(.text) refers to depilogue.o(.text) for _double_epilogue
    dfltui.o(.text) refers (Special) to iusefp.o(.text) for __I$use$fp
    dfltui.o(.text) refers to depilogue.o(.text) for _double_epilogue
    ffixi.o(.text) refers (Special) to iusefp.o(.text) for __I$use$fp
    dfixi.o(.text) refers (Special) to iusefp.o(.text) for __I$use$fp
    dfixi.o(.text) refers to llushr.o(.text) for __aeabi_llsr
    dfixui.o(.text) refers (Special) to iusefp.o(.text) for __I$use$fp
    dfixui.o(.text) refers to llushr.o(.text) for __aeabi_llsr
    entry2.o(.ARM.Collect$$$$00000001) refers to entry2.o(.ARM.Collect$$$$00002712) for __lit__00000000
    entry2.o(.ARM.Collect$$$$00002712) refers to startup_stm32l072xx.o(STACK) for __initial_sp
    entry2.o(__vectab_stack_and_reset_area) refers to startup_stm32l072xx.o(STACK) for __initial_sp
    entry2.o(__vectab_stack_and_reset_area) refers to entry.o(.ARM.Collect$$$$00000000) for __main
    entry5.o(.ARM.Collect$$$$00000004) refers to init.o(.text) for __scatterload
    entry9a.o(.ARM.Collect$$$$0000000B) refers to main.o(.text.main) for main
    entry9b.o(.ARM.Collect$$$$0000000C) refers to main.o(.text.main) for main
    fputc.o(i.fputc) refers (Special) to iusesemip.o(.text) for __I$use$semihosting$fputc
    fputc.o(i.fputc) refers (Special) to semi.o(.text) for __semihosting_library_function
    fputc_h.o(i._fputc$hlt) refers (Special) to iusesemip.o(.text) for __I$use$semihosting$fputc
    fputc_h.o(i._fputc$hlt) refers (Special) to semi.o(.text) for __semihosting_library_function
    idiv_div0.o(.text) refers to uidiv_div0.o(.text) for __aeabi_uidivmod
    fepilogue.o(.text) refers (Special) to iusefp.o(.text) for __I$use$fp
    depilogue.o(.text) refers (Special) to iusefp.o(.text) for __I$use$fp
    depilogue.o(.text) refers to depilogue.o(i.__ARM_clz) for __ARM_clz
    depilogue.o(.text) refers to llshl.o(.text) for __aeabi_llsl
    depilogue.o(.text) refers to llushr.o(.text) for __aeabi_llsr
    dadd.o(.text) refers (Special) to iusefp.o(.text) for __I$use$fp
    dadd.o(.text) refers to llshl.o(.text) for __aeabi_llsl
    dadd.o(.text) refers to llsshr.o(.text) for __aeabi_lasr
    dadd.o(.text) refers to depilogue.o(.text) for _double_epilogue
    dfixul.o(.text) refers (Special) to iusefp.o(.text) for __I$use$fp
    dfixul.o(.text) refers to llushr.o(.text) for __aeabi_llsr
    dfixul.o(.text) refers to llshl.o(.text) for __aeabi_llsl
    cdrcmple.o(.text) refers (Special) to iusefp.o(.text) for __I$use$fp
    fcmp4.o(.text) refers (Special) to iusefp.o(.text) for __I$use$fp
    init.o(.text) refers to entry5.o(.ARM.Collect$$$$00000004) for __main_after_scatterload
    depilogue.o(i.__ARM_clz) refers (Special) to iusefp.o(.text) for __I$use$fp

