Region.c:554:6:RegionIsActive	0	static
Region.c:575:12:RegionGetPhyParam	16	static
Region.c:597:6:RegionSetBandTxDone	8	static
Region.c:618:6:RegionInitDefaults	8	static
Region.c:639:7:RegionGetNvmCtx	8	static
Region.c:660:6:RegionVerify	8	static
Region.c:681:6:RegionApplyCFList	8	static
Region.c:702:6:RegionChanMaskSet	8	static
Region.c:723:6:RegionComputeRxWindowParameters	8	static
Region.c:744:6:RegionRxConfig	8	static
Region.c:765:6:RegionTxConfig	16	static
Region.c:786:9:RegionLinkAdrReq	24	static
Region.c:807:9:RegionRxParamSetupReq	8	static
Region.c:828:9:RegionNewChannelReq	8	static
Region.c:849:8:RegionTxParamSetupReq	8	static
Region.c:870:9:RegionDlChannelReq	8	static
Region.c:891:8:RegionAlternateDr	8	static
Region.c:912:17:RegionNextChannel	16	static
Region.c:933:17:RegionChannelAdd	8	static
Region.c:954:6:RegionChannelsRemove	8	static
Region.c:975:6:RegionSetContinuousWave	8	static
Region.c:996:9:RegionApplyDrOffset	16	static
Region.c:1017:6:RegionRxBeaconSetup	8	static
Region.c:1038:11:RegionGetVersion	0	static
