LmHandler.c:1548:13:MlmeIndication	0	static
LmHandler.c:1311:31:LmHandlerDeviceTimeReq	32	static
LmHandler.c:1380:13:McpsConfirm	16	static
LmHandler.c:326:24:LmHandlerConfigure	112	static
LmHandler.c:434:6:LmHandlerProcess	16	static
LmHandler.c:454:23:LmHandlerJoinStatus	48	static
LmHandler.c:562:24:LmHandlerStop	8	static
LmHandler.c:671:24:LmHandlerRequestClass	64	static
LmHandler.c:479:6:LmHandlerJoin	72	static
LmHandler.c:413:6:LmHandlerIsBusy	8	static
LmHandler.c:574:24:LmHandlerSend	56	static
LmHandler.c:767:24:LmHandlerPackageRegister	16	static
LmHandler.c:298:24:LmHandlerInit	8	static
LmHandler.c:801:9:LmHandlerGetCurrentClass	48	static
LmHandler.c:1395:13:McpsIndication	48	static
LmHandler.c:819:9:LmHandlerGetTxDatarate	48	static
LmHandler.c:1450:13:MlmeConfirm	64	static
LmHandler.c:838:9:LmHandlerGetActiveRegion	0	static
LmHandler.c:849:9:LmHandlerGetDevEUI	8	static
LmHandler.c:860:9:LmHandlerSetDevEUI	56	static
LmHandler.c:887:9:LmHandlerGetAppEUI	8	static
LmHandler.c:899:9:LmHandlerSetAppEUI	56	static
LmHandler.c:921:9:LmHandlerGetNetworkID	0	static
LmHandler.c:932:9:LmHandlerSetNetworkID	8	static
LmHandler.c:947:9:LmHandlerGetDevAddr	0	static
LmHandler.c:958:9:LmHandlerSetDevAddr	8	static
LmHandler.c:977:9:LmHandlerSetActiveRegion	8	static
LmHandler.c:992:9:LmHandlerGetAdrEnable	0	static
LmHandler.c:1003:9:LmHandlerSetAdrEnable	48	static
LmHandler.c:1017:9:LmHandlerSetTxDatarate	56	static
LmHandler.c:1037:9:LmHandlerGetDutyCycleEnable	0	static
LmHandler.c:1048:9:LmHandlerSetDutyCycleEnable	8	static
LmHandler.c:1056:9:LmHandlerGetRX2Params	56	static
LmHandler.c:1076:9:LmHandlerGetTxPower	48	static
LmHandler.c:1094:9:LmHandlerGetRx1Delay	56	static
LmHandler.c:1112:9:LmHandlerGetRx2Delay	56	static
LmHandler.c:1130:9:LmHandlerGetJoinRx1Delay	56	static
LmHandler.c:1148:9:LmHandlerGetJoinRx2Delay	56	static
LmHandler.c:1166:9:LmHandlerSetTxPower	48	static
LmHandler.c:1180:9:LmHandlerSetRX2Params	48	static
LmHandler.c:1195:9:LmHandlerSetRx1Delay	48	static
LmHandler.c:1208:9:LmHandlerSetRx2Delay	48	static
LmHandler.c:1221:9:LmHandlerSetJoinRx1Delay	48	static
LmHandler.c:1234:9:LmHandlerSetJoinRx2Delay	48	static
LmHandler.c:1247:9:LmHandlerGetPingPeriodicity	0	static
LmHandler.c:1262:9:LmHandlerSetPingPeriodicity	0	static
LmHandler.c:1281:9:LmHandlerGetBeaconState	0	static
