LoRaMacCrypto.c:925:13:DummyCB	0	static
LoRaMacCrypto.c:252:30:PayloadEncrypt	72	static
LoRaMacCrypto.c:793:30:GetLastFcntDown	4	static
LoRaMacCrypto.c:656:30:DeriveSessionKey10x	40	static
LoRaMacCrypto.c:1578:23:LoRaMacCryptoDeriveMcRootKey.part.5	24	static
LoRaMacCrypto.c:1599:23:LoRaMacCryptoDeriveMcKEKey.part.6	24	static
LoRaMacCrypto.c:495:30:VerifyCmacB0.isra.4.constprop	304	static
LoRaMacCrypto.c:934:23:LoRaMacCryptoInit	16	static
LoRaMacCrypto.c:964:23:LoRaMacCryptoSetLrWanVersion	0	static
LoRaMacCrypto.c:970:23:LoRaMacCryptoRestoreNvmCtx	8	static
LoRaMacCrypto.c:984:7:LoRaMacCryptoGetNvmCtx	0	static
LoRaMacCrypto.c:990:23:LoRaMacCryptoGetFCntUp	0	static
LoRaMacCrypto.c:1002:23:LoRaMacCryptoGetFCntDown	40	static
LoRaMacCrypto.c:1056:23:LoRaMacCryptoSetMulticastReference	0	static
LoRaMacCrypto.c:1072:23:LoRaMacCryptoSetKey	8	static
LoRaMacCrypto.c:1093:23:LoRaMacCryptoPrepareJoinRequest	32	static
LoRaMacCrypto.c:1224:23:LoRaMacCryptoHandleJoinAccept	88	static
LoRaMacCrypto.c:1379:23:LoRaMacCryptoSecureMessage	48	static
LoRaMacCrypto.c:1483:23:LoRaMacCryptoUnsecureMessage	56	static
LoRaMacCrypto.c:1578:23:LoRaMacCryptoDeriveMcRootKey	8	static
LoRaMacCrypto.c:1599:23:LoRaMacCryptoDeriveMcKEKey	8	static
LoRaMacCrypto.c:1616:23:LoRaMacCryptoDeriveMcSessionKeyPair	56	static
