bsp_perip.c:39:13:on_button_long_press_timeout_event	16	static
bsp_perip.c:46:6:MX_BUTTON_Init	48	static
bsp_perip.c:69:6:button_interrupt_handler	8	static
bsp_perip.c:89:19:MX_I2C1_Init	40	static
bsp_perip.c:123:13:HAL_I2C_MspInit	32	static
bsp_perip.c:144:6:HAL_I2C_MspDeInit	8	static
bsp_perip.c:161:9:BH1750_Send_Cmd	24	static
bsp_perip.c:166:9:BH1750_Read_Dat	16	static
bsp_perip.c:170:10:BH1750_Dat_To_Lux	8	static
bsp_perip.c:180:9:GetLightLevel	32	static
bsp_perip.c:198:6:Bsp_Led_Init	40	static
bsp_perip.c:216:6:Bsp_Led_On	8	static
bsp_perip.c:221:6:Bsp_Led_Off	8	static
bsp_perip.c:226:6:Bsp_Led_Toggle	8	static
