rtc_if.c:289:10:RTC_IF_GetTimerContext	0	static
rtc_if.c:319:10:RTC_IF_GetMinimumTimeout	0	static
rtc_if.c:324:10:RTC_IF_Convert_ms2Tick	8	static
rtc_if.c:329:10:RTC_IF_Convert_Tick2ms	8	static
rtc_if.c:271:21:RTC_IF_StopTimer	8	static
rtc_if.c:519:17:RTC_GetCalendarValue	32	static
rtc_if.c:280:10:RTC_IF_SetTimerContext	8	static
rtc_if.c:296:10:RTC_IF_GetTimerElapsedTime	32	static
rtc_if.c:249:21:RTC_IF_StartTimer	48	static
rtc_if.c:359:10:RTC_IF_GetTime	40	static
rtc_if.c:376:6:RTC_IF_BkUp_Write_Seconds	8	static
rtc_if.c:381:6:RTC_IF_BkUp_Write_SubSeconds	8	static
rtc_if.c:386:10:RTC_IF_BkUp_Read_Seconds	8	static
rtc_if.c:391:10:RTC_IF_BkUp_Read_SubSeconds	8	static
rtc_if.c:216:21:RTC_IF_Init	56	static
rtc_if.c:306:10:RTC_IF_GetTimerValue	32	static
rtc_if.c:334:6:RTC_IF_DelayMs	16	static,ignoring_inline_asm
rtc_if.c:354:6:HAL_RTC_AlarmAEventCallback	8	static
