stm32l0xx_it.c:78:6:NMI_Handler	0	static
stm32l0xx_it.c:91:6:HardFault_Handler	0	static,ignoring_inline_asm
stm32l0xx_it.c:107:6:MemManage_Handler	0	static
stm32l0xx_it.c:122:6:BusFault_Handler	0	static
stm32l0xx_it.c:137:6:UsageFault_Handler	0	static
stm32l0xx_it.c:152:6:SVC_Handler	0	static
stm32l0xx_it.c:165:6:DebugMon_Handler	0	static
stm32l0xx_it.c:178:6:PendSV_Handler	0	static
stm32l0xx_it.c:191:6:SysTick_Handler	8	static
stm32l0xx_it.c:223:6:EXTI2_3_IRQHandler	0	static
stm32l0xx_it.c:260:6:DMA1_Channel4_5_6_7_IRQHandler	8	static
stm32l0xx_it.c:291:8:USART2_IRQHandler	8	static
stm32l0xx_it.c:304:6:RTC_IRQHandler	8	static
