hts221.c:195:9:HTS221_GetCapabilities	0	static
hts221.c:233:9:HTS221_HUM_Enable	8	static
hts221.c:390:9:HTS221_TEMP_Enable	8	static
hts221.c:680:16:HTS221_SetOutputDataRate	16	static
hts221.c:133:9:HTS221_Init	16	static
hts221.c:303:9:HTS221_HUM_SetOutputDataRate	8	static
hts221.c:179:9:HTS221_ReadID	8	static
hts221.c:638:16:HTS221_GetOutputDataRate	24	static
hts221.c:292:9:HTS221_HUM_GetOutputDataRate	8	static
hts221.c:314:9:HTS221_HUM_GetHumidity	48	static
hts221.c:758:16:ReadRegWrap	16	static
hts221.c:782:16:WriteRegWrap	16	static
hts221.c:262:9:HTS221_HUM_Disable	8	static
hts221.c:419:9:HTS221_TEMP_Disable	8	static
hts221.c:153:9:HTS221_DeInit	16	static
hts221.c:460:9:HTS221_TEMP_SetOutputDataRate	8	static
hts221.c:449:9:HTS221_TEMP_GetOutputDataRate	8	static
hts221.c:471:9:HTS221_TEMP_GetTemperature	48	static
hts221.c:93:9:HTS221_RegisterBusIO	8	static
hts221.c:216:9:HTS221_Get_Init_Status	0	static
hts221.c:375:9:HTS221_HUM_Get_DRDY_Status	8	static
hts221.c:522:9:HTS221_TEMP_Get_DRDY_Status	8	static
hts221.c:537:9:HTS221_Set_One_Shot	8	static
hts221.c:561:9:HTS221_Get_One_Shot_Status	32	static
hts221.c:597:9:HTS221_Read_Reg	8	static
hts221.c:614:9:HTS221_Write_Reg	16	static
hts221.c:729:9:HTS221_Enable_DRDY_Interrupt	8	static
