lps22hb.c:212:9:LPS22HB_GetCapabilities	0	static
lps22hb.c:150:9:LPS22HB_Init	16	static
lps22hb.c:196:9:LPS22HB_ReadID	8	static
lps22hb.c:794:16:LPS22HB_GetOutputDataRate	24	static
lps22hb.c:310:9:LPS22HB_PRESS_GetOutputDataRate	8	static
lps22hb.c:844:16:LPS22HB_SetOutputDataRate_When_Enabled	16	static
lps22hb.c:340:9:LPS22HB_PRESS_GetPressure	24	static
lps22hb.c:466:9:LPS22HB_TEMP_GetTemperature	24	static
lps22hb.c:447:9:LPS22HB_TEMP_SetOutputDataRate	16	static
lps22hb.c:999:16:ReadRegWrap	32	static
lps22hb.c:1032:16:WriteRegWrap	32	static
lps22hb.c:250:9:LPS22HB_PRESS_Enable	8	static
lps22hb.c:376:9:LPS22HB_TEMP_Enable	8	static
lps22hb.c:274:9:LPS22HB_PRESS_Disable	16	static
lps22hb.c:400:9:LPS22HB_TEMP_Disable	16	static
lps22hb.c:170:9:LPS22HB_DeInit	16	static
lps22hb.c:436:9:LPS22HB_TEMP_GetOutputDataRate	8	static
lps22hb.c:321:9:LPS22HB_PRESS_SetOutputDataRate	16	static
lps22hb.c:233:9:LPS22HB_Get_Init_Status	0	static
lps22hb.c:361:9:LPS22HB_PRESS_Get_DRDY_Status	8	static
lps22hb.c:487:9:LPS22HB_TEMP_Get_DRDY_Status	8	static
lps22hb.c:524:9:LPS22HB_FIFO_Get_FTh_Status	8	static
lps22hb.c:540:9:LPS22HB_FIFO_Get_Full_Status	8	static
lps22hb.c:561:9:LPS22HB_FIFO_Get_Level	8	static
lps22hb.c:577:9:LPS22HB_FIFO_Get_Ovr_Status	8	static
lps22hb.c:593:9:LPS22HB_FIFO_Reset_Interrupt	8	static
lps22hb.c:628:9:LPS22HB_FIFO_Set_Interrupt	8	static
lps22hb.c:663:9:LPS22HB_FIFO_Set_Mode	8	static
lps22hb.c:694:9:LPS22HB_FIFO_Set_Watermark_Level	8	static
lps22hb.c:710:9:LPS22HB_FIFO_Usage	8	static
lps22hb.c:728:9:LPS22HB_Read_Reg	8	static
lps22hb.c:745:9:LPS22HB_Write_Reg	16	static
lps22hb.c:93:9:LPS22HB_RegisterBusIO	8	static
lps22hb.c:769:9:LPS22HB_Get_Temp	24	static
lps22hb.c:503:9:LPS22HB_FIFO_Get_Data	16	static
lps22hb.c:939:9:LPS22HB_Set_One_Shot	8	static
lps22hb.c:962:9:LPS22HB_Get_One_Shot_Status	32	static
